Archive member included to satisfy reference by file (symbol)

C:/ST/STM32CubeIDE_1.13.0/STM32CubeIDE/plugins/com.st.stm32cube.ide.mcu.externaltools.gnu-tools-for-stm32.11.3.rel1.win32_1.1.0.202305231506/tools/bin/../lib/gcc/arm-none-eabi/11.3.1/../../../../arm-none-eabi/lib/thumb/v7e-m+dp/hard\libc_nano.a(libc_a-calloc.o)
                              ./CANopenNode/CANopen.o (calloc)
C:/ST/STM32CubeIDE_1.13.0/STM32CubeIDE/plugins/com.st.stm32cube.ide.mcu.externaltools.gnu-tools-for-stm32.11.3.rel1.win32_1.1.0.202305231506/tools/bin/../lib/gcc/arm-none-eabi/11.3.1/../../../../arm-none-eabi/lib/thumb/v7e-m+dp/hard\libc_nano.a(libc_a-callocr.o)
                              C:/ST/STM32CubeIDE_1.13.0/STM32CubeIDE/plugins/com.st.stm32cube.ide.mcu.externaltools.gnu-tools-for-stm32.11.3.rel1.win32_1.1.0.202305231506/tools/bin/../lib/gcc/arm-none-eabi/11.3.1/../../../../arm-none-eabi/lib/thumb/v7e-m+dp/hard\libc_nano.a(libc_a-calloc.o) (_calloc_r)
C:/ST/STM32CubeIDE_1.13.0/STM32CubeIDE/plugins/com.st.stm32cube.ide.mcu.externaltools.gnu-tools-for-stm32.11.3.rel1.win32_1.1.0.202305231506/tools/bin/../lib/gcc/arm-none-eabi/11.3.1/../../../../arm-none-eabi/lib/thumb/v7e-m+dp/hard\libc_nano.a(libc_a-exit.o)
                              C:/ST/STM32CubeIDE_1.13.0/STM32CubeIDE/plugins/com.st.stm32cube.ide.mcu.externaltools.gnu-tools-for-stm32.11.3.rel1.win32_1.1.0.202305231506/tools/bin/../lib/gcc/arm-none-eabi/11.3.1/../../../../arm-none-eabi/lib/thumb/v7e-m+dp/hard/crt0.o (exit)
C:/ST/STM32CubeIDE_1.13.0/STM32CubeIDE/plugins/com.st.stm32cube.ide.mcu.externaltools.gnu-tools-for-stm32.11.3.rel1.win32_1.1.0.202305231506/tools/bin/../lib/gcc/arm-none-eabi/11.3.1/../../../../arm-none-eabi/lib/thumb/v7e-m+dp/hard\libc_nano.a(libc_a-malloc.o)
                              ./CANopenNode/CANopen.o (free)
C:/ST/STM32CubeIDE_1.13.0/STM32CubeIDE/plugins/com.st.stm32cube.ide.mcu.externaltools.gnu-tools-for-stm32.11.3.rel1.win32_1.1.0.202305231506/tools/bin/../lib/gcc/arm-none-eabi/11.3.1/../../../../arm-none-eabi/lib/thumb/v7e-m+dp/hard\libc_nano.a(libc_a-mallocr.o)
                              C:/ST/STM32CubeIDE_1.13.0/STM32CubeIDE/plugins/com.st.stm32cube.ide.mcu.externaltools.gnu-tools-for-stm32.11.3.rel1.win32_1.1.0.202305231506/tools/bin/../lib/gcc/arm-none-eabi/11.3.1/../../../../arm-none-eabi/lib/thumb/v7e-m+dp/hard\libc_nano.a(libc_a-callocr.o) (_malloc_r)
C:/ST/STM32CubeIDE_1.13.0/STM32CubeIDE/plugins/com.st.stm32cube.ide.mcu.externaltools.gnu-tools-for-stm32.11.3.rel1.win32_1.1.0.202305231506/tools/bin/../lib/gcc/arm-none-eabi/11.3.1/../../../../arm-none-eabi/lib/thumb/v7e-m+dp/hard\libc_nano.a(libc_a-mlock.o)
                              C:/ST/STM32CubeIDE_1.13.0/STM32CubeIDE/plugins/com.st.stm32cube.ide.mcu.externaltools.gnu-tools-for-stm32.11.3.rel1.win32_1.1.0.202305231506/tools/bin/../lib/gcc/arm-none-eabi/11.3.1/../../../../arm-none-eabi/lib/thumb/v7e-m+dp/hard\libc_nano.a(libc_a-mallocr.o) (__malloc_lock)
C:/ST/STM32CubeIDE_1.13.0/STM32CubeIDE/plugins/com.st.stm32cube.ide.mcu.externaltools.gnu-tools-for-stm32.11.3.rel1.win32_1.1.0.202305231506/tools/bin/../lib/gcc/arm-none-eabi/11.3.1/../../../../arm-none-eabi/lib/thumb/v7e-m+dp/hard\libc_nano.a(libc_a-fflush.o)
                              ./Core/CANopenNode_STM32/CO_app_STM32.o (fflush)
C:/ST/STM32CubeIDE_1.13.0/STM32CubeIDE/plugins/com.st.stm32cube.ide.mcu.externaltools.gnu-tools-for-stm32.11.3.rel1.win32_1.1.0.202305231506/tools/bin/../lib/gcc/arm-none-eabi/11.3.1/../../../../arm-none-eabi/lib/thumb/v7e-m+dp/hard\libc_nano.a(libc_a-findfp.o)
                              C:/ST/STM32CubeIDE_1.13.0/STM32CubeIDE/plugins/com.st.stm32cube.ide.mcu.externaltools.gnu-tools-for-stm32.11.3.rel1.win32_1.1.0.202305231506/tools/bin/../lib/gcc/arm-none-eabi/11.3.1/../../../../arm-none-eabi/lib/thumb/v7e-m+dp/hard\libc_nano.a(libc_a-fflush.o) (__sinit)
C:/ST/STM32CubeIDE_1.13.0/STM32CubeIDE/plugins/com.st.stm32cube.ide.mcu.externaltools.gnu-tools-for-stm32.11.3.rel1.win32_1.1.0.202305231506/tools/bin/../lib/gcc/arm-none-eabi/11.3.1/../../../../arm-none-eabi/lib/thumb/v7e-m+dp/hard\libc_nano.a(libc_a-fwalk.o)
                              C:/ST/STM32CubeIDE_1.13.0/STM32CubeIDE/plugins/com.st.stm32cube.ide.mcu.externaltools.gnu-tools-for-stm32.11.3.rel1.win32_1.1.0.202305231506/tools/bin/../lib/gcc/arm-none-eabi/11.3.1/../../../../arm-none-eabi/lib/thumb/v7e-m+dp/hard\libc_nano.a(libc_a-fflush.o) (_fwalk_sglue)
C:/ST/STM32CubeIDE_1.13.0/STM32CubeIDE/plugins/com.st.stm32cube.ide.mcu.externaltools.gnu-tools-for-stm32.11.3.rel1.win32_1.1.0.202305231506/tools/bin/../lib/gcc/arm-none-eabi/11.3.1/../../../../arm-none-eabi/lib/thumb/v7e-m+dp/hard\libc_nano.a(libc_a-printf.o)
                              ./Core/CANopenNode_STM32/CO_app_STM32.o (printf)
[...]
Memory Configuration

Name             Origin             Length             Attributes
RAM              0x0000000020000000 0x0000000000080000 xrw
FLASH            0x0000000008000000 0x0000000000200000 xr
*default*        0x0000000000000000 0xffffffffffffffff

Linker script and memory map

LOAD C:/ST/STM32CubeIDE_1.13.0/STM32CubeIDE/plugins/com.st.stm32cube.ide.mcu.externaltools.gnu-tools-for-stm32.11.3.rel1.win32_1.1.0.202305231506/tools/bin/../lib/gcc/arm-none-eabi/11.3.1/thumb/v7e-m+dp/hard/crti.o
LOAD C:/ST/STM32CubeIDE_1.13.0/STM32CubeIDE/plugins/com.st.stm32cube.ide.mcu.externaltools.gnu-tools-for-stm32.11.3.rel1.win32_1.1.0.202305231506/tools/bin/../lib/gcc/arm-none-eabi/11.3.1/thumb/v7e-m+dp/hard/crtbegin.o
LOAD C:/ST/STM32CubeIDE_1.13.0/STM32CubeIDE/plugins/com.st.stm32cube.ide.mcu.externaltools.gnu-tools-for-stm32.11.3.rel1.win32_1.1.0.202305231506/tools/bin/../lib/gcc/arm-none-eabi/11.3.1/../../../../arm-none-eabi/lib/thumb/v7e-m+dp/hard/crt0.o
LOAD ./CANopenNode/301/CO_Emergency.o
LOAD ./CANopenNode/301/CO_HBconsumer.o
LOAD ./CANopenNode/301/CO_NMT_Heartbeat.o
LOAD ./CANopenNode/301/CO_ODinterface.o
LOAD ./CANopenNode/301/CO_PDO.o
LOAD ./CANopenNode/301/CO_SDOclient.o
LOAD ./CANopenNode/301/CO_SDOserver.o
LOAD ./CANopenNode/301/CO_SYNC.o
LOAD ./CANopenNode/301/CO_TIME.o
LOAD ./CANopenNode/301/CO_fifo.o
LOAD ./CANopenNode/301/crc16-ccitt.o
LOAD ./CANopenNode/303/CO_LEDs.o
LOAD ./CANopenNode/304/CO_GFC.o
LOAD ./CANopenNode/304/CO_SRDO.o
LOAD ./CANopenNode/305/CO_LSSmaster.o
LOAD ./CANopenNode/305/CO_LSSslave.o
LOAD ./CANopenNode/309/CO_gateway_ascii.o
LOAD ./CANopenNode/CANopen.o
LOAD ./CANopenNode/extra/CO_trace.o
LOAD ./CANopenNode/storage/CO_storage.o
LOAD ./CANopenNode/storage/CO_storageEeprom.o
LOAD ./Core/CANopenNode_STM32/CO_app_STM32.o
LOAD ./Core/CANopenNode_STM32/CO_driver_STM32.o
LOAD ./Core/CANopenNode_STM32/CO_storageBlank.o
LOAD ./Core/CANopenNode_STM32/OD.o
LOAD ./Core/Src/main.o
LOAD ./Core/Src/stm32f7xx_hal_msp.o
LOAD ./Core/Src/stm32f7xx_it.o
LOAD ./Core/Src/syscalls.o
LOAD ./Core/Src/sysmem.o
LOAD ./Core/Src/system_stm32f7xx.o
LOAD ./Core/Startup/startup_stm32f767vitx.o
LOAD ./Drivers/STM32F7xx_HAL_Driver/Src/stm32f7xx_hal.o
LOAD ./Drivers/STM32F7xx_HAL_Driver/Src/stm32f7xx_hal_can.o
LOAD ./Drivers/STM32F7xx_HAL_Driver/Src/stm32f7xx_hal_cortex.o
LOAD ./Drivers/STM32F7xx_HAL_Driver/Src/stm32f7xx_hal_dma.o
LOAD ./Drivers/STM32F7xx_HAL_Driver/Src/stm32f7xx_hal_dma_ex.o
LOAD ./Drivers/STM32F7xx_HAL_Driver/Src/stm32f7xx_hal_exti.o
LOAD ./Drivers/STM32F7xx_HAL_Driver/Src/stm32f7xx_hal_flash.o
LOAD ./Drivers/STM32F7xx_HAL_Driver/Src/stm32f7xx_hal_flash_ex.o
LOAD ./Drivers/STM32F7xx_HAL_Driver/Src/stm32f7xx_hal_gpio.o
LOAD ./Drivers/STM32F7xx_HAL_Driver/Src/stm32f7xx_hal_i2c.o
LOAD ./Drivers/STM32F7xx_HAL_Driver/Src/stm32f7xx_hal_i2c_ex.o
LOAD ./Drivers/STM32F7xx_HAL_Driver/Src/stm32f7xx_hal_pwr.o
LOAD ./Drivers/STM32F7xx_HAL_Driver/Src/stm32f7xx_hal_pwr_ex.o
LOAD ./Drivers/STM32F7xx_HAL_Driver/Src/stm32f7xx_hal_rcc.o
LOAD ./Drivers/STM32F7xx_HAL_Driver/Src/stm32f7xx_hal_rcc_ex.o
LOAD ./Drivers/STM32F7xx_HAL_Driver/Src/stm32f7xx_hal_tim.o
LOAD ./Drivers/STM32F7xx_HAL_Driver/Src/stm32f7xx_hal_tim_ex.o
START GROUP
LOAD C:/ST/STM32CubeIDE_1.13.0/STM32CubeIDE/plugins/com.st.stm32cube.ide.mcu.externaltools.gnu-tools-for-stm32.11.3.rel1.win32_1.1.0.202305231506/tools/bin/../lib/gcc/arm-none-eabi/11.3.1/../../../../arm-none-eabi/lib/thumb/v7e-m+dp/hard\libc_nano.a
LOAD C:/ST/STM32CubeIDE_1.13.0/STM32CubeIDE/plugins/com.st.stm32cube.ide.mcu.externaltools.gnu-tools-for-stm32.11.3.rel1.win32_1.1.0.202305231506/tools/bin/../lib/gcc/arm-none-eabi/11.3.1/../../../../arm-none-eabi/lib/thumb/v7e-m+dp/hard\libm.a
END GROUP
START GROUP
LOAD C:/ST/STM32CubeIDE_1.13.0/STM32CubeIDE/plugins/com.st.stm32cube.ide.mcu.externaltools.gnu-tools-for-stm32.11.3.rel1.win32_1.1.0.202305231506/tools/bin/../lib/gcc/arm-none-eabi/11.3.1/thumb/v7e-m+dp/hard\libgcc.a
LOAD C:/ST/STM32CubeIDE_1.13.0/STM32CubeIDE/plugins/com.st.stm32cube.ide.mcu.externaltools.gnu-tools-for-stm32.11.3.rel1.win32_1.1.0.202305231506/tools/bin/../lib/gcc/arm-none-eabi/11.3.1/../../../../arm-none-eabi/lib/thumb/v7e-m+dp/hard\libg_nano.a
LOAD C:/ST/STM32CubeIDE_1.13.0/STM32CubeIDE/plugins/com.st.stm32cube.ide.mcu.externaltools.gnu-tools-for-stm32.11.3.rel1.win32_1.1.0.202305231506/tools/bin/../lib/gcc/arm-none-eabi/11.3.1/../../../../arm-none-eabi/lib/thumb/v7e-m+dp/hard\libc_nano.a
END GROUP
START GROUP
LOAD C:/ST/STM32CubeIDE_1.13.0/STM32CubeIDE/plugins/com.st.stm32cube.ide.mcu.externaltools.gnu-tools-for-stm32.11.3.rel1.win32_1.1.0.202305231506/tools/bin/../lib/gcc/arm-none-eabi/11.3.1/thumb/v7e-m+dp/hard\libgcc.a
LOAD C:/ST/STM32CubeIDE_1.13.0/STM32CubeIDE/plugins/com.st.stm32cube.ide.mcu.externaltools.gnu-tools-for-stm32.11.3.rel1.win32_1.1.0.202305231506/tools/bin/../lib/gcc/arm-none-eabi/11.3.1/../../../../arm-none-eabi/lib/thumb/v7e-m+dp/hard\libc_nano.a
LOAD C:/ST/STM32CubeIDE_1.13.0/STM32CubeIDE/plugins/com.st.stm32cube.ide.mcu.externaltools.gnu-tools-for-stm32.11.3.rel1.win32_1.1.0.202305231506/tools/bin/../lib/gcc/arm-none-eabi/11.3.1/../../../../arm-none-eabi/lib/thumb/v7e-m+dp/hard\libnosys.a
END GROUP
START GROUP
LOAD C:/ST/STM32CubeIDE_1.13.0/STM32CubeIDE/plugins/com.st.stm32cube.ide.mcu.externaltools.gnu-tools-for-stm32.11.3.rel1.win32_1.1.0.202305231506/tools/bin/../lib/gcc/arm-none-eabi/11.3.1/thumb/v7e-m+dp/hard\libgcc.a
LOAD C:/ST/STM32CubeIDE_1.13.0/STM32CubeIDE/plugins/com.st.stm32cube.ide.mcu.externaltools.gnu-tools-for-stm32.11.3.rel1.win32_1.1.0.202305231506/tools/bin/../lib/gcc/arm-none-eabi/11.3.1/../../../../arm-none-eabi/lib/thumb/v7e-m+dp/hard\libc_nano.a
LOAD C:/ST/STM32CubeIDE_1.13.0/STM32CubeIDE/plugins/com.st.stm32cube.ide.mcu.externaltools.gnu-tools-for-stm32.11.3.rel1.win32_1.1.0.202305231506/tools/bin/../lib/gcc/arm-none-eabi/11.3.1/../../../../arm-none-eabi/lib/thumb/v7e-m+dp/hard\libnosys.a
END GROUP
LOAD C:/ST/STM32CubeIDE_1.13.0/STM32CubeIDE/plugins/com.st.stm32cube.ide.mcu.externaltools.gnu-tools-for-stm32.11.3.rel1.win32_1.1.0.202305231506/tools/bin/../lib/gcc/arm-none-eabi/11.3.1/thumb/v7e-m+dp/hard/crtend.o
LOAD C:/ST/STM32CubeIDE_1.13.0/STM32CubeIDE/plugins/com.st.stm32cube.ide.mcu.externaltools.gnu-tools-for-stm32.11.3.rel1.win32_1.1.0.202305231506/tools/bin/../lib/gcc/arm-none-eabi/11.3.1/thumb/v7e-m+dp/hard/crtn.o
                0x0000000020080000                _estack = (ORIGIN (RAM) + LENGTH (RAM))
                0x0000000000000200                _Min_Heap_Size = 0x200
                0x0000000000000400                _Min_Stack_Size = 0x400

.isr_vector     0x0000000008000000      0x1f8
                0x0000000008000000                . = ALIGN (0x4)
 *(.isr_vector)
 .isr_vector    0x0000000008000000      0x1f8 ./Core/Startup/startup_stm32f767vitx.o
                0x0000000008000000                g_pfnVectors
                0x00000000080001f8                . = ALIGN (0x4)

.text           0x0000000008000200     0xbda4
                0x0000000008000200                . = ALIGN (0x4)
 *(.text)
 .text          0x0000000008000200       0x40 C:/ST/STM32CubeIDE_1.13.0/STM32CubeIDE/plugins/com.st.stm32cube.ide.mcu.externaltools.gnu-tools-for-stm32.11.3.rel1.win32_1.1.0.202305231506/tools/bin/../lib/gcc/arm-none-eabi/11.3.1/thumb/v7e-m+dp/hard/crtbegin.o
 .text          0x0000000008000240       0x10 C:/ST/STM32CubeIDE_1.13.0/STM32CubeIDE/plugins/com.st.stm32cube.ide.mcu.externaltools.gnu-tools-for-stm32.11.3.rel1.win32_1.1.0.202305231506/tools/bin/../lib/gcc/arm-none-eabi/11.3.1/../../../../arm-none-eabi/lib/thumb/v7e-m+dp/hard\libc_nano.a(libc_a-strlen.o)
                0x0000000008000240                strlen
 .text          0x0000000008000250       0xa0 C:/ST/STM32CubeIDE_1.13.0/STM32CubeIDE/plugins/com.st.stm32cube.ide.mcu.externaltools.gnu-tools-for-stm32.11.3.rel1.win32_1.1.0.202305231506/tools/bin/../lib/gcc/arm-none-eabi/11.3.1/../../../../arm-none-eabi/lib/thumb/v7e-m+dp/hard\libc_nano.a(libc_a-memchr.o)
                0x0000000008000250                memchr
 .text          0x00000000080002f0       0x30 C:/ST/STM32CubeIDE_1.13.0/STM32CubeIDE/plugins/com.st.stm32cube.ide.mcu.externaltools.gnu-tools-for-stm32.11.3.rel1.win32_1.1.0.202305231506/tools/bin/../lib/gcc/arm-none-eabi/11.3.1/thumb/v7e-m+dp/hard\libgcc.a(_aeabi_uldivmod.o)
                0x00000000080002f0                __aeabi_uldivmod
 .text          0x0000000008000320      0x2c8 C:/ST/STM32CubeIDE_1.13.0/STM32CubeIDE/plugins/com.st.stm32cube.ide.mcu.externaltools.gnu-tools-for-stm32.11.3.rel1.win32_1.1.0.202305231506/tools/bin/../lib/gcc/arm-none-eabi/11.3.1/thumb/v7e-m+dp/hard\libgcc.a(_udivmoddi4.o)
                0x0000000008000320                __udivmoddi4
 .text          0x00000000080005e8        0x4 C:/ST/STM32CubeIDE_1.13.0/STM32CubeIDE/plugins/com.st.stm32cube.ide.mcu.externaltools.gnu-tools-for-stm32.11.3.rel1.win32_1.1.0.202305231506/tools/bin/../lib/gcc/arm-none-eabi/11.3.1/thumb/v7e-m+dp/hard\libgcc.a(_dvmd_tls.o)
                0x00000000080005e8                __aeabi_idiv0
                0x00000000080005e8                __aeabi_ldiv0
 *(.text*)
 .text.CO_getUint8
                0x00000000080005ec       0x1c ./CANopenNode/301/CO_Emergency.o
 .text.CO_setUint8
                0x0000000008000608       0x20 ./CANopenNode/301/CO_Emergency.o
 .text.CO_setUint32
                0x0000000008000628       0x1e ./CANopenNode/301/CO_Emergency.o
 .text.OD_getIndex
                0x0000000008000646       0x22 ./CANopenNode/301/CO_Emergency.o
 .text.OD_extension_init
                0x0000000008000668       0x28 ./CANopenNode/301/CO_Emergency.o
 .text.OD_get_u32
                0x0000000008000690       0x2a ./CANopenNode/301/CO_Emergency.o
 .text.OD_read_1014_default
                0x00000000080006ba       0x72 ./CANopenNode/301/CO_Emergency.o
 .text.OD_read_1003
                0x000000000800072c       0xdc ./CANopenNode/301/CO_Emergency.o
 .text.OD_write_1003
                0x0000000008000808       0x60 ./CANopenNode/301/CO_Emergency.o
 .text.CO_EM_init
                0x0000000008000868      0x1c0 ./CANopenNode/301/CO_Emergency.o
                0x0000000008000868                CO_EM_init
 .text.CO_EM_process
                0x0000000008000a28      0x294 ./CANopenNode/301/CO_Emergency.o
                0x0000000008000a28                CO_EM_process
 .text.CO_error
                0x0000000008000cbc      0x17a ./CANopenNode/301/CO_Emergency.o
                0x0000000008000cbc                CO_error
 .text.CO_getUint32
                0x0000000008000e36       0x1c ./CANopenNode/301/CO_HBconsumer.o
 .text.OD_getIndex
                0x0000000008000e52       0x22 ./CANopenNode/301/CO_HBconsumer.o
 .text.OD_extension_init
                0x0000000008000e74       0x28 ./CANopenNode/301/CO_HBconsumer.o
 .text.OD_get_u32
                0x0000000008000e9c       0x2a ./CANopenNode/301/CO_HBconsumer.o
 .text.CO_HBcons_receive
                0x0000000008000ec6       0x3c ./CANopenNode/301/CO_HBconsumer.o
 .text.OD_write_1016
                0x0000000008000f02       0x8e ./CANopenNode/301/CO_HBconsumer.o
 .text.CO_HBconsumer_init
                0x0000000008000f90      0x158 ./CANopenNode/301/CO_HBconsumer.o
                0x0000000008000f90                CO_HBconsumer_init
 .text.CO_HBconsumer_initEntry
                0x00000000080010e8      0x130 ./CANopenNode/301/CO_HBconsumer.o
 .text.CO_HBconsumer_process
                0x0000000008001218      0x1d4 ./CANopenNode/301/CO_HBconsumer.o
                0x0000000008001218                CO_HBconsumer_process
 .text.CO_getUint16
                0x00000000080013ec       0x1e ./CANopenNode/301/CO_NMT_Heartbeat.o
 .text.OD_getIndex
                0x000000000800140a       0x22 ./CANopenNode/301/CO_NMT_Heartbeat.o
 .text.OD_extension_init
                0x000000000800142c       0x28 ./CANopenNode/301/CO_NMT_Heartbeat.o
 .text.OD_get_u16
                0x0000000008001454       0x2a ./CANopenNode/301/CO_NMT_Heartbeat.o
 .text.CO_isError
                0x000000000800147e       0x4e ./CANopenNode/301/CO_NMT_Heartbeat.o
 .text.CO_getErrorRegister
                0x00000000080014cc       0x2c ./CANopenNode/301/CO_NMT_Heartbeat.o
 .text.CO_NMT_receive
                0x00000000080014f8       0x4e ./CANopenNode/301/CO_NMT_Heartbeat.o
 .text.OD_write_1017
                0x0000000008001546       0x6a ./CANopenNode/301/CO_NMT_Heartbeat.o
 .text.CO_NMT_init
                0x00000000080015b0      0x1b4 ./CANopenNode/301/CO_NMT_Heartbeat.o
                0x00000000080015b0                CO_NMT_init
 .text.CO_NMT_process
                0x0000000008001764      0x1dc ./CANopenNode/301/CO_NMT_Heartbeat.o
                0x0000000008001764                CO_NMT_process
 .text.CO_NMT_sendCommand
                0x0000000008001940       0x5c ./CANopenNode/301/CO_NMT_Heartbeat.o
                0x0000000008001940                CO_NMT_sendCommand
 .text.OD_readOriginal
                0x000000000800199c       0xb0 ./CANopenNode/301/CO_ODinterface.o
                0x000000000800199c                OD_readOriginal
 .text.OD_writeOriginal
                0x0000000008001a4c       0xbc ./CANopenNode/301/CO_ODinterface.o
                0x0000000008001a4c                OD_writeOriginal
 .text.OD_readDisabled
                0x0000000008001b08       0x1c ./CANopenNode/301/CO_ODinterface.o
 .text.OD_writeDisabled
                0x0000000008001b24       0x1c ./CANopenNode/301/CO_ODinterface.o
 .text.OD_find  0x0000000008001b40       0xb8 ./CANopenNode/301/CO_ODinterface.o
                0x0000000008001b40                OD_find
 .text.OD_getSub
                0x0000000008001bf8      0x1e4 ./CANopenNode/301/CO_ODinterface.o
                0x0000000008001bf8                OD_getSub
 .text.OD_getSDOabCode
                0x0000000008001ddc       0x3c ./CANopenNode/301/CO_ODinterface.o
                0x0000000008001ddc                OD_getSDOabCode
 .text.OD_get_value
                0x0000000008001e18       0x6c ./CANopenNode/301/CO_ODinterface.o
                0x0000000008001e18                OD_get_value
 .text.OD_set_value
                0x0000000008001e84       0x62 ./CANopenNode/301/CO_ODinterface.o
                0x0000000008001e84                OD_set_value
 .text.OD_getPtr
                0x0000000008001ee6       0x86 ./CANopenNode/301/CO_ODinterface.o
                0x0000000008001ee6                OD_getPtr
 .text.CO_RPDO_process
                0x0000000008001f6c      0x292 ./CANopenNode/301/CO_PDO.o
                0x0000000008001f6c                CO_RPDO_process
 .text.CO_TPDOsend
                0x00000000080021fe      0x148 ./CANopenNode/301/CO_PDO.o
 .text.CO_TPDO_process
                0x0000000008002346      0x24e ./CANopenNode/301/CO_PDO.o
                0x0000000008002346                CO_TPDO_process
 .text.OD_getIndex
                0x0000000008002594       0x22 ./CANopenNode/301/CO_SDOclient.o
 .text.OD_get_u8
                0x00000000080025b6       0x2a ./CANopenNode/301/CO_SDOclient.o
 .text.OD_get_u32
                0x00000000080025e0       0x2a ./CANopenNode/301/CO_SDOclient.o
 .text.CO_fifo_reset
                0x000000000800260a       0x28 ./CANopenNode/301/CO_SDOclient.o
 .text.CO_fifo_getOccupied
                0x0000000008002632       0x36 ./CANopenNode/301/CO_SDOclient.o
 .text.CO_SDOclient_receive
                0x0000000008002668       0x58 ./CANopenNode/301/CO_SDOclient.o
 .text.CO_SDOclient_init
                0x00000000080026c0      0x122 ./CANopenNode/301/CO_SDOclient.o
                0x00000000080026c0                CO_SDOclient_init
 *fill*         0x00000000080027e2        0x2 
 .text.CO_SDOclient_setup
                0x00000000080027e4       0xe8 ./CANopenNode/301/CO_SDOclient.o
                0x00000000080027e4                CO_SDOclient_setup
 .text.CO_SDOclientDownloadInitiate
                0x00000000080028cc       0x7a ./CANopenNode/301/CO_SDOclient.o
                0x00000000080028cc                CO_SDOclientDownloadInitiate
 .text.CO_SDOclientDownloadBufWrite
                0x0000000008002946       0x38 ./CANopenNode/301/CO_SDOclient.o
                0x0000000008002946                CO_SDOclientDownloadBufWrite
 *fill*         0x000000000800297e        0x2 
 .text.CO_SDOclientDownload
                0x0000000008002980      0x528 ./CANopenNode/301/CO_SDOclient.o
                0x0000000008002980                CO_SDOclientDownload
 .text.CO_getUint8
                0x0000000008002ea8       0x1c ./CANopenNode/301/CO_SDOserver.o
 .text.CO_getUint32
                0x0000000008002ec4       0x1c ./CANopenNode/301/CO_SDOserver.o
 .text.OD_getIndex
                0x0000000008002ee0       0x22 ./CANopenNode/301/CO_SDOserver.o
 .text.OD_mappable
                0x0000000008002f02       0x2c ./CANopenNode/301/CO_SDOserver.o
 .text.OD_extension_init
                0x0000000008002f2e       0x28 ./CANopenNode/301/CO_SDOserver.o
 .text.OD_get_u8
                0x0000000008002f56       0x2a ./CANopenNode/301/CO_SDOserver.o
 .text.OD_get_u32
                0x0000000008002f80       0x2a ./CANopenNode/301/CO_SDOserver.o
 .text.OD_set_u32
                0x0000000008002faa       0x2a ./CANopenNode/301/CO_SDOserver.o
 .text.CO_SDO_receive
                0x0000000008002fd4       0x54 ./CANopenNode/301/CO_SDOserver.o
 .text.CO_SDOserver_init_canRxTx
                0x0000000008003028       0xd8 ./CANopenNode/301/CO_SDOserver.o
 .text.OD_write_1201_additional
                0x0000000008003100      0x224 ./CANopenNode/301/CO_SDOserver.o
 .text.CO_SDOserver_init
                0x0000000008003324      0x228 ./CANopenNode/301/CO_SDOserver.o
                0x0000000008003324                CO_SDOserver_init
 .text.validateAndWriteToOD
                0x000000000800354c      0x22c ./CANopenNode/301/CO_SDOserver.o
 .text.readFromOd
                0x0000000008003778      0x198 ./CANopenNode/301/CO_SDOserver.o
 .text.CO_SDOserver_process
                0x0000000008003910      0xa44 ./CANopenNode/301/CO_SDOserver.o
                0x0000000008003910                CO_SDOserver_process
 .text.CO_getUint8
                0x0000000008004354       0x1c ./CANopenNode/301/CO_SYNC.o
 .text.CO_getUint32
                0x0000000008004370       0x1c ./CANopenNode/301/CO_SYNC.o
 .text.OD_getIndex
                0x000000000800438c       0x22 ./CANopenNode/301/CO_SYNC.o
 .text.OD_extension_init
                0x00000000080043ae       0x28 ./CANopenNode/301/CO_SYNC.o
 .text.OD_get_u8
                0x00000000080043d6       0x2a ./CANopenNode/301/CO_SYNC.o
 .text.OD_get_u32
                0x0000000008004400       0x2a ./CANopenNode/301/CO_SYNC.o
 .text.CO_SYNCsend
                0x000000000800442a       0x64 ./CANopenNode/301/CO_SYNC.o
 .text.CO_SYNC_receive
                0x000000000800448e       0x8c ./CANopenNode/301/CO_SYNC.o
 *fill*         0x000000000800451a        0x2 
 .text.OD_write_1005
                0x000000000800451c      0x18c ./CANopenNode/301/CO_SYNC.o
 .text.OD_write_1019
                0x00000000080046a8       0xbe ./CANopenNode/301/CO_SYNC.o
 *fill*         0x0000000008004766        0x2 
 .text.CO_SYNC_init
                0x0000000008004768      0x250 ./CANopenNode/301/CO_SYNC.o
                0x0000000008004768                CO_SYNC_init
 .text.CO_SYNC_process
                0x00000000080049b8      0x1c0 ./CANopenNode/301/CO_SYNC.o
                0x00000000080049b8                CO_SYNC_process
 .text.CO_getUint16
                0x0000000008004b78       0x1e ./CANopenNode/301/CO_TIME.o
 .text.CO_getUint32
                0x0000000008004b96       0x1c ./CANopenNode/301/CO_TIME.o
 .text.OD_getIndex
                0x0000000008004bb2       0x22 ./CANopenNode/301/CO_TIME.o
 .text.OD_extension_init
                0x0000000008004bd4       0x28 ./CANopenNode/301/CO_TIME.o
 .text.OD_get_u32
                0x0000000008004bfc       0x2a ./CANopenNode/301/CO_TIME.o
 .text.CO_TIME_receive
                0x0000000008004c26       0x3a ./CANopenNode/301/CO_TIME.o
 .text.OD_write_1012
                0x0000000008004c60       0xe4 ./CANopenNode/301/CO_TIME.o
 .text.CO_TIME_init
                0x0000000008004d44      0x100 ./CANopenNode/301/CO_TIME.o
                0x0000000008004d44                CO_TIME_init
 .text.CO_TIME_process
                0x0000000008004e44       0xec ./CANopenNode/301/CO_TIME.o
                0x0000000008004e44                CO_TIME_process
 .text.CO_fifo_init
                0x0000000008004f30       0x44 ./CANopenNode/301/CO_fifo.o
                0x0000000008004f30                CO_fifo_init
 .text.CO_fifo_write
                0x0000000008004f74       0xb0 ./CANopenNode/301/CO_fifo.o
                0x0000000008004f74                CO_fifo_write
 .text.CO_fifo_read
                0x0000000008005024       0xb0 ./CANopenNode/301/CO_fifo.o
                0x0000000008005024                CO_fifo_read
 .text.CO_LEDs_init
                0x00000000080050d4       0x2e ./CANopenNode/303/CO_LEDs.o
                0x00000000080050d4                CO_LEDs_init
 *fill*         0x0000000008005102        0x2 
 .text.CO_LEDs_process
                0x0000000008005104      0x3e8 ./CANopenNode/303/CO_LEDs.o
                0x0000000008005104                CO_LEDs_process
 .text.CO_LSSslave_receive
                0x00000000080054ec      0x2c0 ./CANopenNode/305/CO_LSSslave.o
 .text.CO_LSSslave_init
                0x00000000080057ac       0xec ./CANopenNode/305/CO_LSSslave.o
                0x00000000080057ac                CO_LSSslave_init
 .text.CO_LSSslave_process
                0x0000000008005898      0x42c ./CANopenNode/305/CO_LSSslave.o
                0x0000000008005898                CO_LSSslave_process
 .text.CO_isError
                0x0000000008005cc4       0x4e ./CANopenNode/CANopen.o
 .text.CO_getErrorRegister
                0x0000000008005d12       0x2c ./CANopenNode/CANopen.o
 .text.CO_NMT_getInternalState
                0x0000000008005d3e       0x24 ./CANopenNode/CANopen.o
 .text.CO_LSSslave_getState
                0x0000000008005d62       0x22 ./CANopenNode/CANopen.o
 .text.CO_new   0x0000000008005d84      0x224 ./CANopenNode/CANopen.o
                0x0000000008005d84                CO_new
 .text.CO_delete
                0x0000000008005fa8       0xc8 ./CANopenNode/CANopen.o
                0x0000000008005fa8                CO_delete
 .text.CO_CANinit
                0x0000000008006070       0x58 ./CANopenNode/CANopen.o
                0x0000000008006070                CO_CANinit
 .text.CO_LSSinit
                0x00000000080060c8       0x58 ./CANopenNode/CANopen.o
                0x00000000080060c8                CO_LSSinit
 .text.CO_CANopenInit
                0x0000000008006120      0x324 ./CANopenNode/CANopen.o
                0x0000000008006120                CO_CANopenInit
 .text.CO_CANopenInitPDO
                0x0000000008006444       0x52 ./CANopenNode/CANopen.o
                0x0000000008006444                CO_CANopenInitPDO
 .text.CO_process
                0x0000000008006496      0x1ea ./CANopenNode/CANopen.o
                0x0000000008006496                CO_process
 .text.CO_process_SYNC
                0x0000000008006680       0x80 ./CANopenNode/CANopen.o
                0x0000000008006680                CO_process_SYNC
 .text.CO_process_RPDO
                0x0000000008006700       0x72 ./CANopenNode/CANopen.o
                0x0000000008006700                CO_process_RPDO
 .text.CO_process_TPDO
                0x0000000008006772       0x72 ./CANopenNode/CANopen.o
                0x0000000008006772                CO_process_TPDO
 .text.HAL_TIM_PeriodElapsedCallback
                0x00000000080067e4       0x24 ./Core/CANopenNode_STM32/CO_app_STM32.o
                0x00000000080067e4                HAL_TIM_PeriodElapsedCallback
 .text.canopen_app_init
                0x0000000008006808       0x68 ./Core/CANopenNode_STM32/CO_app_STM32.o
                0x0000000008006808                canopen_app_init
 .text.canopen_app_resetCommunication
                0x0000000008006870      0x23c ./Core/CANopenNode_STM32/CO_app_STM32.o
                0x0000000008006870                canopen_app_resetCommunication
 .text.canopen_app_process
                0x0000000008006aac       0xc8 ./Core/CANopenNode_STM32/CO_app_STM32.o
                0x0000000008006aac                canopen_app_process
 .text.canopen_app_interrupt
                0x0000000008006b74       0x84 ./Core/CANopenNode_STM32/CO_app_STM32.o
                0x0000000008006b74                canopen_app_interrupt
 .text.CO_CANsetConfigurationMode
                0x0000000008006bf8       0x20 ./Core/CANopenNode_STM32/CO_driver_STM32.o
                0x0000000008006bf8                CO_CANsetConfigurationMode
 .text.CO_CANsetNormalMode
                0x0000000008006c18       0x30 ./Core/CANopenNode_STM32/CO_driver_STM32.o
                0x0000000008006c18                CO_CANsetNormalMode
 .text.CO_CANmodule_init
                0x0000000008006c48      0x178 ./Core/CANopenNode_STM32/CO_driver_STM32.o
                0x0000000008006c48                CO_CANmodule_init
 .text.CO_CANmodule_disable
                0x0000000008006dc0       0x2a ./Core/CANopenNode_STM32/CO_driver_STM32.o
                0x0000000008006dc0                CO_CANmodule_disable
 *fill*         0x0000000008006dea        0x2 
 .text.CO_CANrxBufferInit
                0x0000000008006dec       0xb8 ./Core/CANopenNode_STM32/CO_driver_STM32.o
                0x0000000008006dec                CO_CANrxBufferInit
 .text.CO_CANtxBufferInit
                0x0000000008006ea4       0x74 ./Core/CANopenNode_STM32/CO_driver_STM32.o
                0x0000000008006ea4                CO_CANtxBufferInit
 .text.prv_send_can_message
                0x0000000008006f18       0x80 ./Core/CANopenNode_STM32/CO_driver_STM32.o
 .text.CO_CANsend
                0x0000000008006f98       0x86 ./Core/CANopenNode_STM32/CO_driver_STM32.o
                0x0000000008006f98                CO_CANsend
 .text.CO_CANclearPendingSyncPDOs
                0x000000000800701e       0xcc ./Core/CANopenNode_STM32/CO_driver_STM32.o
                0x000000000800701e                CO_CANclearPendingSyncPDOs
 .text.CO_CANmodule_process
                0x00000000080070ea       0x14 ./Core/CANopenNode_STM32/CO_driver_STM32.o
                0x00000000080070ea                CO_CANmodule_process
 *fill*         0x00000000080070fe        0x2 
 .text.prv_read_can_received_msg
                0x0000000008007100       0xd8 ./Core/CANopenNode_STM32/CO_driver_STM32.o
 .text.HAL_CAN_RxFifo0MsgPendingCallback
                0x00000000080071d8       0x1a ./Core/CANopenNode_STM32/CO_driver_STM32.o
                0x00000000080071d8                HAL_CAN_RxFifo0MsgPendingCallback
 .text.HAL_CAN_RxFifo1MsgPendingCallback
                0x00000000080071f2       0x1a ./Core/CANopenNode_STM32/CO_driver_STM32.o
                0x00000000080071f2                HAL_CAN_RxFifo1MsgPendingCallback
 .text.CO_CANinterrupt_TX
                0x000000000800720c       0xc0 ./Core/CANopenNode_STM32/CO_driver_STM32.o
                0x000000000800720c                CO_CANinterrupt_TX
 .text.HAL_CAN_TxMailbox0CompleteCallback
                0x00000000080072cc       0x18 ./Core/CANopenNode_STM32/CO_driver_STM32.o
                0x00000000080072cc                HAL_CAN_TxMailbox0CompleteCallback
 .text.HAL_CAN_TxMailbox1CompleteCallback
                0x00000000080072e4       0x18 ./Core/CANopenNode_STM32/CO_driver_STM32.o
                0x00000000080072e4                HAL_CAN_TxMailbox1CompleteCallback
 .text.HAL_CAN_TxMailbox2CompleteCallback
                0x00000000080072fc       0x18 ./Core/CANopenNode_STM32/CO_driver_STM32.o
                0x00000000080072fc                HAL_CAN_TxMailbox2CompleteCallback
 .text.write_SDO
                0x0000000008007314       0xd4 ./Core/Src/main.o
                0x0000000008007314                write_SDO
 .text.main     0x00000000080073e8     0x11e4 ./Core/Src/main.o
                0x00000000080073e8                main
 .text.SystemClock_Config
                0x00000000080085cc       0xd0 ./Core/Src/main.o
                0x00000000080085cc                SystemClock_Config
 .text.MX_CAN1_Init
                0x000000000800869c       0x6c ./Core/Src/main.o
 .text.MX_CAN2_Init
                0x0000000008008708       0x6c ./Core/Src/main.o
 .text.MX_TIM14_Init
                0x0000000008008774       0x48 ./Core/Src/main.o
 .text.MX_GPIO_Init
                0x00000000080087bc       0x60 ./Core/Src/main.o
 .text.Error_Handler
                0x000000000800881c        0xa ./Core/Src/main.o
                0x000000000800881c                Error_Handler
 *fill*         0x0000000008008826        0x2 
 .text.HAL_MspInit
                0x0000000008008828       0x48 ./Core/Src/stm32f7xx_hal_msp.o
                0x0000000008008828                HAL_MspInit
 .text.HAL_CAN_MspInit
                0x0000000008008870      0x1b0 ./Core/Src/stm32f7xx_hal_msp.o
                0x0000000008008870                HAL_CAN_MspInit
 .text.HAL_TIM_Base_MspInit
                0x0000000008008a20       0x4c ./Core/Src/stm32f7xx_hal_msp.o
                0x0000000008008a20                HAL_TIM_Base_MspInit
 .text.NMI_Handler
                0x0000000008008a6c        0x6 ./Core/Src/stm32f7xx_it.o
                0x0000000008008a6c                NMI_Handler
 .text.HardFault_Handler
                0x0000000008008a72        0x6 ./Core/Src/stm32f7xx_it.o
                0x0000000008008a72                HardFault_Handler
 .text.MemManage_Handler
                0x0000000008008a78        0x6 ./Core/Src/stm32f7xx_it.o
                0x0000000008008a78                MemManage_Handler
 .text.BusFault_Handler
                0x0000000008008a7e        0x6 ./Core/Src/stm32f7xx_it.o
                0x0000000008008a7e                BusFault_Handler
 .text.UsageFault_Handler
                0x0000000008008a84        0x6 ./Core/Src/stm32f7xx_it.o
                0x0000000008008a84                UsageFault_Handler
 .text.SVC_Handler
                0x0000000008008a8a        0xe ./Core/Src/stm32f7xx_it.o
                0x0000000008008a8a                SVC_Handler
 .text.DebugMon_Handler
                0x0000000008008a98        0xe ./Core/Src/stm32f7xx_it.o
                0x0000000008008a98                DebugMon_Handler
 .text.PendSV_Handler
                0x0000000008008aa6        0xe ./Core/Src/stm32f7xx_it.o
                0x0000000008008aa6                PendSV_Handler
 .text.SysTick_Handler
                0x0000000008008ab4        0xc ./Core/Src/stm32f7xx_it.o
                0x0000000008008ab4                SysTick_Handler
 .text.CAN1_TX_IRQHandler
                0x0000000008008ac0       0x14 ./Core/Src/stm32f7xx_it.o
                0x0000000008008ac0                CAN1_TX_IRQHandler
 .text.CAN1_RX0_IRQHandler
                0x0000000008008ad4       0x14 ./Core/Src/stm32f7xx_it.o
                0x0000000008008ad4                CAN1_RX0_IRQHandler
 .text.CAN1_RX1_IRQHandler
                0x0000000008008ae8       0x14 ./Core/Src/stm32f7xx_it.o
                0x0000000008008ae8                CAN1_RX1_IRQHandler
 .text.CAN1_SCE_IRQHandler
                0x0000000008008afc       0x14 ./Core/Src/stm32f7xx_it.o
                0x0000000008008afc                CAN1_SCE_IRQHandler
 .text.TIM8_TRG_COM_TIM14_IRQHandler
                0x0000000008008b10       0x14 ./Core/Src/stm32f7xx_it.o
                0x0000000008008b10                TIM8_TRG_COM_TIM14_IRQHandler
 .text.CAN2_TX_IRQHandler
                0x0000000008008b24       0x14 ./Core/Src/stm32f7xx_it.o
                0x0000000008008b24                CAN2_TX_IRQHandler
 .text.CAN2_RX0_IRQHandler
                0x0000000008008b38       0x14 ./Core/Src/stm32f7xx_it.o
                0x0000000008008b38                CAN2_RX0_IRQHandler
 .text.CAN2_RX1_IRQHandler
                0x0000000008008b4c       0x14 ./Core/Src/stm32f7xx_it.o
                0x0000000008008b4c                CAN2_RX1_IRQHandler
 .text.CAN2_SCE_IRQHandler
                0x0000000008008b60       0x14 ./Core/Src/stm32f7xx_it.o
                0x0000000008008b60                CAN2_SCE_IRQHandler
 .text._read    0x0000000008008b74       0x3a ./Core/Src/syscalls.o
                0x0000000008008b74                _read
 .text._write   0x0000000008008bae       0x38 ./Core/Src/syscalls.o
                0x0000000008008bae                _write
 .text._close   0x0000000008008be6       0x18 ./Core/Src/syscalls.o
                0x0000000008008be6                _close
 .text._fstat   0x0000000008008bfe       0x20 ./Core/Src/syscalls.o
                0x0000000008008bfe                _fstat
 .text._isatty  0x0000000008008c1e       0x16 ./Core/Src/syscalls.o
                0x0000000008008c1e                _isatty
 .text._lseek   0x0000000008008c34       0x1a ./Core/Src/syscalls.o
                0x0000000008008c34                _lseek
 *fill*         0x0000000008008c4e        0x2 
 .text._sbrk    0x0000000008008c50       0x6c ./Core/Src/sysmem.o
                0x0000000008008c50                _sbrk
 .text.SystemInit
                0x0000000008008cbc       0x24 ./Core/Src/system_stm32f7xx.o
                0x0000000008008cbc                SystemInit
 .text.Reset_Handler
                0x0000000008008ce0       0x50 ./Core/Startup/startup_stm32f767vitx.o
                0x0000000008008ce0                Reset_Handler
 .text.Default_Handler
                0x0000000008008d30        0x2 ./Core/Startup/startup_stm32f767vitx.o
                0x0000000008008d30                RTC_Alarm_IRQHandler
                0x0000000008008d30                EXTI2_IRQHandler
                0x0000000008008d30                TIM8_CC_IRQHandler
                0x0000000008008d30                UART8_IRQHandler
                0x0000000008008d30                SPI4_IRQHandler
                0x0000000008008d30                TIM1_CC_IRQHandler
                0x0000000008008d30                DMA2_Stream5_IRQHandler
                0x0000000008008d30                JPEG_IRQHandler
                0x0000000008008d30                DMA1_Stream5_IRQHandler
                0x0000000008008d30                CAN3_RX1_IRQHandler
                0x0000000008008d30                PVD_IRQHandler
                0x0000000008008d30                TAMP_STAMP_IRQHandler
                0x0000000008008d30                EXTI3_IRQHandler
                0x0000000008008d30                DFSDM1_FLT1_IRQHandler
                0x0000000008008d30                TIM1_UP_TIM10_IRQHandler
                0x0000000008008d30                TIM8_UP_TIM13_IRQHandler
                0x0000000008008d30                I2C3_ER_IRQHandler
                0x0000000008008d30                DFSDM1_FLT2_IRQHandler
                0x0000000008008d30                EXTI0_IRQHandler
                0x0000000008008d30                I2C2_EV_IRQHandler
                0x0000000008008d30                DMA1_Stream2_IRQHandler
                0x0000000008008d30                FPU_IRQHandler
                0x0000000008008d30                OTG_HS_WKUP_IRQHandler
                0x0000000008008d30                CAN3_SCE_IRQHandler
                0x0000000008008d30                LTDC_ER_IRQHandler
                0x0000000008008d30                DMA2_Stream2_IRQHandler
                0x0000000008008d30                SPI1_IRQHandler
                0x0000000008008d30                TIM6_DAC_IRQHandler
                0x0000000008008d30                TIM1_BRK_TIM9_IRQHandler
                0x0000000008008d30                DCMI_IRQHandler
                0x0000000008008d30                DMA2_Stream3_IRQHandler
                0x0000000008008d30                SAI2_IRQHandler
                0x0000000008008d30                DFSDM1_FLT3_IRQHandler
                0x0000000008008d30                USART6_IRQHandler
                0x0000000008008d30                CAN3_RX0_IRQHandler
                0x0000000008008d30                USART3_IRQHandler
                0x0000000008008d30                UART5_IRQHandler
                0x0000000008008d30                DMA2_Stream0_IRQHandler
                0x0000000008008d30                TIM4_IRQHandler
                0x0000000008008d30                QUADSPI_IRQHandler
                0x0000000008008d30                I2C1_EV_IRQHandler
                0x0000000008008d30                DMA1_Stream6_IRQHandler
                0x0000000008008d30                DMA1_Stream1_IRQHandler
                0x0000000008008d30                UART4_IRQHandler
                0x0000000008008d30                TIM3_IRQHandler
                0x0000000008008d30                RCC_IRQHandler
                0x0000000008008d30                TIM8_BRK_TIM12_IRQHandler
                0x0000000008008d30                Default_Handler
                0x0000000008008d30                CEC_IRQHandler
                0x0000000008008d30                EXTI15_10_IRQHandler
                0x0000000008008d30                ADC_IRQHandler
                0x0000000008008d30                DMA1_Stream7_IRQHandler
                0x0000000008008d30                SPI5_IRQHandler
                0x0000000008008d30                TIM7_IRQHandler
                0x0000000008008d30                SDMMC1_IRQHandler
                0x0000000008008d30                TIM5_IRQHandler
                0x0000000008008d30                DMA2_Stream7_IRQHandler
                0x0000000008008d30                I2C3_EV_IRQHandler
                0x0000000008008d30                EXTI9_5_IRQHandler
                0x0000000008008d30                RTC_WKUP_IRQHandler
                0x0000000008008d30                LTDC_IRQHandler
                0x0000000008008d30                ETH_WKUP_IRQHandler
                0x0000000008008d30                SPDIF_RX_IRQHandler
                0x0000000008008d30                SPI2_IRQHandler
                0x0000000008008d30                OTG_HS_EP1_IN_IRQHandler
                0x0000000008008d30                DMA1_Stream0_IRQHandler
                0x0000000008008d30                EXTI4_IRQHandler
                0x0000000008008d30                RNG_IRQHandler
                0x0000000008008d30                ETH_IRQHandler
                0x0000000008008d30                OTG_HS_EP1_OUT_IRQHandler
                0x0000000008008d30                WWDG_IRQHandler
                0x0000000008008d30                SPI6_IRQHandler
                0x0000000008008d30                MDIOS_IRQHandler
                0x0000000008008d30                I2C4_EV_IRQHandler
                0x0000000008008d30                CAN3_TX_IRQHandler
                0x0000000008008d30                TIM2_IRQHandler
                0x0000000008008d30                OTG_FS_WKUP_IRQHandler
                0x0000000008008d30                TIM1_TRG_COM_TIM11_IRQHandler
                0x0000000008008d30                OTG_HS_IRQHandler
                0x0000000008008d30                DMA2D_IRQHandler
                0x0000000008008d30                EXTI1_IRQHandler
                0x0000000008008d30                SDMMC2_IRQHandler
                0x0000000008008d30                UART7_IRQHandler
                0x0000000008008d30                USART2_IRQHandler
                0x0000000008008d30                DFSDM1_FLT0_IRQHandler
                0x0000000008008d30                I2C2_ER_IRQHandler
                0x0000000008008d30                DMA2_Stream1_IRQHandler
                0x0000000008008d30                FLASH_IRQHandler
                0x0000000008008d30                DMA2_Stream4_IRQHandler
                0x0000000008008d30                USART1_IRQHandler
                0x0000000008008d30                OTG_FS_IRQHandler
                0x0000000008008d30                SPI3_IRQHandler
                0x0000000008008d30                DMA1_Stream4_IRQHandler
                0x0000000008008d30                I2C1_ER_IRQHandler
                0x0000000008008d30                FMC_IRQHandler
                0x0000000008008d30                LPTIM1_IRQHandler
                0x0000000008008d30                I2C4_ER_IRQHandler
                0x0000000008008d30                DMA2_Stream6_IRQHandler
                0x0000000008008d30                SAI1_IRQHandler
                0x0000000008008d30                DMA1_Stream3_IRQHandler
 .text.HAL_Init
                0x0000000008008d32       0x1a ./Drivers/STM32F7xx_HAL_Driver/Src/stm32f7xx_hal.o
                0x0000000008008d32                HAL_Init
 .text.HAL_InitTick
                0x0000000008008d4c       0x60 ./Drivers/STM32F7xx_HAL_Driver/Src/stm32f7xx_hal.o
                0x0000000008008d4c                HAL_InitTick
 .text.HAL_IncTick
                0x0000000008008dac       0x28 ./Drivers/STM32F7xx_HAL_Driver/Src/stm32f7xx_hal.o
                0x0000000008008dac                HAL_IncTick
 .text.HAL_GetTick
                0x0000000008008dd4       0x18 ./Drivers/STM32F7xx_HAL_Driver/Src/stm32f7xx_hal.o
                0x0000000008008dd4                HAL_GetTick
 .text.HAL_Delay
                0x0000000008008dec       0x48 ./Drivers/STM32F7xx_HAL_Driver/Src/stm32f7xx_hal.o
                0x0000000008008dec                HAL_Delay
 .text.HAL_CAN_Init
                0x0000000008008e34      0x1f6 ./Drivers/STM32F7xx_HAL_Driver/Src/stm32f7xx_hal_can.o
                0x0000000008008e34                HAL_CAN_Init
 *fill*         0x000000000800902a        0x2 
 .text.HAL_CAN_ConfigFilter
                0x000000000800902c      0x1d8 ./Drivers/STM32F7xx_HAL_Driver/Src/stm32f7xx_hal_can.o
                0x000000000800902c                HAL_CAN_ConfigFilter
 .text.HAL_CAN_Start
                0x0000000008009204       0x88 ./Drivers/STM32F7xx_HAL_Driver/Src/stm32f7xx_hal_can.o
                0x0000000008009204                HAL_CAN_Start
 .text.HAL_CAN_Stop
                0x000000000800928c       0x92 ./Drivers/STM32F7xx_HAL_Driver/Src/stm32f7xx_hal_can.o
                0x000000000800928c                HAL_CAN_Stop
 .text.HAL_CAN_AddTxMessage
                0x000000000800931e      0x1a0 ./Drivers/STM32F7xx_HAL_Driver/Src/stm32f7xx_hal_can.o
                0x000000000800931e                HAL_CAN_AddTxMessage
 .text.HAL_CAN_GetTxMailboxesFreeLevel
                0x00000000080094be       0x6a ./Drivers/STM32F7xx_HAL_Driver/Src/stm32f7xx_hal_can.o
                0x00000000080094be                HAL_CAN_GetTxMailboxesFreeLevel
 .text.HAL_CAN_GetRxMessage
                0x0000000008009528      0x244 ./Drivers/STM32F7xx_HAL_Driver/Src/stm32f7xx_hal_can.o
                0x0000000008009528                HAL_CAN_GetRxMessage
 .text.HAL_CAN_ActivateNotification
                0x000000000800976c       0x4c ./Drivers/STM32F7xx_HAL_Driver/Src/stm32f7xx_hal_can.o
                0x000000000800976c                HAL_CAN_ActivateNotification
 .text.HAL_CAN_IRQHandler
                0x00000000080097b8      0x36e ./Drivers/STM32F7xx_HAL_Driver/Src/stm32f7xx_hal_can.o
                0x00000000080097b8                HAL_CAN_IRQHandler
 .text.HAL_CAN_TxMailbox0AbortCallback
                0x0000000008009b26       0x14 ./Drivers/STM32F7xx_HAL_Driver/Src/stm32f7xx_hal_can.o
                0x0000000008009b26                HAL_CAN_TxMailbox0AbortCallback
 .text.HAL_CAN_TxMailbox1AbortCallback
                0x0000000008009b3a       0x14 ./Drivers/STM32F7xx_HAL_Driver/Src/stm32f7xx_hal_can.o
                0x0000000008009b3a                HAL_CAN_TxMailbox1AbortCallback
 .text.HAL_CAN_TxMailbox2AbortCallback
                0x0000000008009b4e       0x14 ./Drivers/STM32F7xx_HAL_Driver/Src/stm32f7xx_hal_can.o
                0x0000000008009b4e                HAL_CAN_TxMailbox2AbortCallback
 .text.HAL_CAN_RxFifo0FullCallback
                0x0000000008009b62       0x14 ./Drivers/STM32F7xx_HAL_Driver/Src/stm32f7xx_hal_can.o
                0x0000000008009b62                HAL_CAN_RxFifo0FullCallback
 .text.HAL_CAN_RxFifo1FullCallback
                0x0000000008009b76       0x14 ./Drivers/STM32F7xx_HAL_Driver/Src/stm32f7xx_hal_can.o
                0x0000000008009b76                HAL_CAN_RxFifo1FullCallback
 .text.HAL_CAN_SleepCallback
                0x0000000008009b8a       0x14 ./Drivers/STM32F7xx_HAL_Driver/Src/stm32f7xx_hal_can.o
                0x0000000008009b8a                HAL_CAN_SleepCallback
 .text.HAL_CAN_WakeUpFromRxMsgCallback
                0x0000000008009b9e       0x14 ./Drivers/STM32F7xx_HAL_Driver/Src/stm32f7xx_hal_can.o
                0x0000000008009b9e                HAL_CAN_WakeUpFromRxMsgCallback
 .text.HAL_CAN_ErrorCallback
                0x0000000008009bb2       0x14 ./Drivers/STM32F7xx_HAL_Driver/Src/stm32f7xx_hal_can.o
                0x0000000008009bb2                HAL_CAN_ErrorCallback
 *fill*         0x0000000008009bc6        0x2 
 .text.__NVIC_SetPriorityGrouping
                0x0000000008009bc8       0x48 ./Drivers/STM32F7xx_HAL_Driver/Src/stm32f7xx_hal_cortex.o
 .text.__NVIC_GetPriorityGrouping
                0x0000000008009c10       0x1c ./Drivers/STM32F7xx_HAL_Driver/Src/stm32f7xx_hal_cortex.o
 .text.__NVIC_EnableIRQ
                0x0000000008009c2c       0x3c ./Drivers/STM32F7xx_HAL_Driver/Src/stm32f7xx_hal_cortex.o
 .text.__NVIC_SetPriority
                0x0000000008009c68       0x54 ./Drivers/STM32F7xx_HAL_Driver/Src/stm32f7xx_hal_cortex.o
 .text.NVIC_EncodePriority
                0x0000000008009cbc       0x66 ./Drivers/STM32F7xx_HAL_Driver/Src/stm32f7xx_hal_cortex.o
 *fill*         0x0000000008009d22        0x2 
 .text.__NVIC_SystemReset
                0x0000000008009d24       0x2c ./Drivers/STM32F7xx_HAL_Driver/Src/stm32f7xx_hal_cortex.o
 .text.SysTick_Config
                0x0000000008009d50       0x44 ./Drivers/STM32F7xx_HAL_Driver/Src/stm32f7xx_hal_cortex.o
 .text.HAL_NVIC_SetPriorityGrouping
                0x0000000008009d94       0x16 ./Drivers/STM32F7xx_HAL_Driver/Src/stm32f7xx_hal_cortex.o
                0x0000000008009d94                HAL_NVIC_SetPriorityGrouping
 .text.HAL_NVIC_SetPriority
                0x0000000008009daa       0x38 ./Drivers/STM32F7xx_HAL_Driver/Src/stm32f7xx_hal_cortex.o
                0x0000000008009daa                HAL_NVIC_SetPriority
 .text.HAL_NVIC_EnableIRQ
                0x0000000008009de2       0x1c ./Drivers/STM32F7xx_HAL_Driver/Src/stm32f7xx_hal_cortex.o
                0x0000000008009de2                HAL_NVIC_EnableIRQ
 .text.HAL_NVIC_SystemReset
                0x0000000008009dfe        0x8 ./Drivers/STM32F7xx_HAL_Driver/Src/stm32f7xx_hal_cortex.o
                0x0000000008009dfe                HAL_NVIC_SystemReset
 .text.HAL_SYSTICK_Config
                0x0000000008009e06       0x18 ./Drivers/STM32F7xx_HAL_Driver/Src/stm32f7xx_hal_cortex.o
                0x0000000008009e06                HAL_SYSTICK_Config
 *fill*         0x0000000008009e1e        0x2 
 .text.HAL_GPIO_Init
                0x0000000008009e20      0x358 ./Drivers/STM32F7xx_HAL_Driver/Src/stm32f7xx_hal_gpio.o
                0x0000000008009e20                HAL_GPIO_Init
 .text.HAL_RCC_OscConfig
                0x000000000800a178      0x55c ./Drivers/STM32F7xx_HAL_Driver/Src/stm32f7xx_hal_rcc.o
                0x000000000800a178                HAL_RCC_OscConfig
 .text.HAL_RCC_ClockConfig
                0x000000000800a6d4      0x1d8 ./Drivers/STM32F7xx_HAL_Driver/Src/stm32f7xx_hal_rcc.o
                0x000000000800a6d4                HAL_RCC_ClockConfig
 .text.HAL_RCC_GetSysClockFreq
                0x000000000800a8ac      0x18c ./Drivers/STM32F7xx_HAL_Driver/Src/stm32f7xx_hal_rcc.o
                0x000000000800a8ac                HAL_RCC_GetSysClockFreq
 .text.HAL_TIM_Base_Init
                0x000000000800aa38       0xae ./Drivers/STM32F7xx_HAL_Driver/Src/stm32f7xx_hal_tim.o
                0x000000000800aa38                HAL_TIM_Base_Init
 *fill*         0x000000000800aae6        0x2 
 .text.HAL_TIM_Base_Start_IT
                0x000000000800aae8       0xf0 ./Drivers/STM32F7xx_HAL_Driver/Src/stm32f7xx_hal_tim.o
                0x000000000800aae8                HAL_TIM_Base_Start_IT
 .text.HAL_TIM_IRQHandler
                0x000000000800abd8      0x20e ./Drivers/STM32F7xx_HAL_Driver/Src/stm32f7xx_hal_tim.o
                0x000000000800abd8                HAL_TIM_IRQHandler
 .text.HAL_TIM_OC_DelayElapsedCallback
                0x000000000800ade6       0x14 ./Drivers/STM32F7xx_HAL_Driver/Src/stm32f7xx_hal_tim.o
                0x000000000800ade6                HAL_TIM_OC_DelayElapsedCallback
 .text.HAL_TIM_IC_CaptureCallback
                0x000000000800adfa       0x14 ./Drivers/STM32F7xx_HAL_Driver/Src/stm32f7xx_hal_tim.o
                0x000000000800adfa                HAL_TIM_IC_CaptureCallback
 .text.HAL_TIM_PWM_PulseFinishedCallback
                0x000000000800ae0e       0x14 ./Drivers/STM32F7xx_HAL_Driver/Src/stm32f7xx_hal_tim.o
                0x000000000800ae0e                HAL_TIM_PWM_PulseFinishedCallback
 .text.HAL_TIM_TriggerCallback
                0x000000000800ae22       0x14 ./Drivers/STM32F7xx_HAL_Driver/Src/stm32f7xx_hal_tim.o
                0x000000000800ae22                HAL_TIM_TriggerCallback
 *fill*         0x000000000800ae36        0x2 
 .text.TIM_Base_SetConfig
                0x000000000800ae38      0x158 ./Drivers/STM32F7xx_HAL_Driver/Src/stm32f7xx_hal_tim.o
                0x000000000800ae38                TIM_Base_SetConfig
 .text.HAL_TIMEx_CommutCallback
                0x000000000800af90       0x14 ./Drivers/STM32F7xx_HAL_Driver/Src/stm32f7xx_hal_tim_ex.o
                0x000000000800af90                HAL_TIMEx_CommutCallback
 .text.HAL_TIMEx_BreakCallback
                0x000000000800afa4       0x14 ./Drivers/STM32F7xx_HAL_Driver/Src/stm32f7xx_hal_tim_ex.o
                0x000000000800afa4                HAL_TIMEx_BreakCallback
 .text.HAL_TIMEx_Break2Callback
                0x000000000800afb8       0x14 ./Drivers/STM32F7xx_HAL_Driver/Src/stm32f7xx_hal_tim_ex.o
                0x000000000800afb8                HAL_TIMEx_Break2Callback
 .text.calloc   0x000000000800afcc       0x10 C:/ST/STM32CubeIDE_1.13.0/STM32CubeIDE/plugins/com.st.stm32cube.ide.mcu.externaltools.gnu-tools-for-stm32.11.3.rel1.win32_1.1.0.202305231506/tools/bin/../lib/gcc/arm-none-eabi/11.3.1/../../../../arm-none-eabi/lib/thumb/v7e-m+dp/hard\libc_nano.a(libc_a-calloc.o)
                0x000000000800afcc                calloc
 .text._calloc_r
                0x000000000800afdc       0x2c C:/ST/STM32CubeIDE_1.13.0/STM32CubeIDE/plugins/com.st.stm32cube.ide.mcu.externaltools.gnu-tools-for-stm32.11.3.rel1.win32_1.1.0.202305231506/tools/bin/../lib/gcc/arm-none-eabi/11.3.1/../../../../arm-none-eabi/lib/thumb/v7e-m+dp/hard\libc_nano.a(libc_a-callocr.o)
                0x000000000800afdc                _calloc_r
 .text.free     0x000000000800b008       0x10 C:/ST/STM32CubeIDE_1.13.0/STM32CubeIDE/plugins/com.st.stm32cube.ide.mcu.externaltools.gnu-tools-for-stm32.11.3.rel1.win32_1.1.0.202305231506/tools/bin/../lib/gcc/arm-none-eabi/11.3.1/../../../../arm-none-eabi/lib/thumb/v7e-m+dp/hard\libc_nano.a(libc_a-malloc.o)
                0x000000000800b008                free
 .text.sbrk_aligned
                0x000000000800b018       0x40 C:/ST/STM32CubeIDE_1.13.0/STM32CubeIDE/plugins/com.st.stm32cube.ide.mcu.externaltools.gnu-tools-for-stm32.11.3.rel1.win32_1.1.0.202305231506/tools/bin/../lib/gcc/arm-none-eabi/11.3.1/../../../../arm-none-eabi/lib/thumb/v7e-m+dp/hard\libc_nano.a(libc_a-mallocr.o)
 .text._malloc_r
                0x000000000800b058      0x100 C:/ST/STM32CubeIDE_1.13.0/STM32CubeIDE/plugins/com.st.stm32cube.ide.mcu.externaltools.gnu-tools-for-stm32.11.3.rel1.win32_1.1.0.202305231506/tools/bin/../lib/gcc/arm-none-eabi/11.3.1/../../../../arm-none-eabi/lib/thumb/v7e-m+dp/hard\libc_nano.a(libc_a-mallocr.o)
                0x000000000800b058                _malloc_r
 .text.__malloc_lock
                0x000000000800b158        0xc C:/ST/STM32CubeIDE_1.13.0/STM32CubeIDE/plugins/com.st.stm32cube.ide.mcu.externaltools.gnu-tools-for-stm32.11.3.rel1.win32_1.1.0.202305231506/tools/bin/../lib/gcc/arm-none-eabi/11.3.1/../../../../arm-none-eabi/lib/thumb/v7e-m+dp/hard\libc_nano.a(libc_a-mlock.o)
                0x000000000800b158                __malloc_lock
 .text.__malloc_unlock
                0x000000000800b164        0xc C:/ST/STM32CubeIDE_1.13.0/STM32CubeIDE/plugins/com.st.stm32cube.ide.mcu.externaltools.gnu-tools-for-stm32.11.3.rel1.win32_1.1.0.202305231506/tools/bin/../lib/gcc/arm-none-eabi/11.3.1/../../../../arm-none-eabi/lib/thumb/v7e-m+dp/hard\libc_nano.a(libc_a-mlock.o)
                0x000000000800b164                __malloc_unlock
 .text.__sflush_r
                0x000000000800b170      0x10c C:/ST/STM32CubeIDE_1.13.0/STM32CubeIDE/plugins/com.st.stm32cube.ide.mcu.externaltools.gnu-tools-for-stm32.11.3.rel1.win32_1.1.0.202305231506/tools/bin/../lib/gcc/arm-none-eabi/11.3.1/../../../../arm-none-eabi/lib/thumb/v7e-m+dp/hard\libc_nano.a(libc_a-fflush.o)
                0x000000000800b170                __sflush_r
 .text._fflush_r
                0x000000000800b27c       0x50 C:/ST/STM32CubeIDE_1.13.0/STM32CubeIDE/plugins/com.st.stm32cube.ide.mcu.externaltools.gnu-tools-for-stm32.11.3.rel1.win32_1.1.0.202305231506/tools/bin/../lib/gcc/arm-none-eabi/11.3.1/../../../../arm-none-eabi/lib/thumb/v7e-m+dp/hard\libc_nano.a(libc_a-fflush.o)
                0x000000000800b27c                _fflush_r
 .text.fflush   0x000000000800b2cc       0x28 C:/ST/STM32CubeIDE_1.13.0/STM32CubeIDE/plugins/com.st.stm32cube.ide.mcu.externaltools.gnu-tools-for-stm32.11.3.rel1.win32_1.1.0.202305231506/tools/bin/../lib/gcc/arm-none-eabi/11.3.1/../../../../arm-none-eabi/lib/thumb/v7e-m+dp/hard\libc_nano.a(libc_a-fflush.o)
                0x000000000800b2cc                fflush
 .text.std      0x000000000800b2f4       0x48 C:/ST/STM32CubeIDE_1.13.0/STM32CubeIDE/plugins/com.st.stm32cube.ide.mcu.externaltools.gnu-tools-for-stm32.11.3.rel1.win32_1.1.0.202305231506/tools/bin/../lib/gcc/arm-none-eabi/11.3.1/../../../../arm-none-eabi/lib/thumb/v7e-m+dp/hard\libc_nano.a(libc_a-findfp.o)
 .text.stdio_exit_handler
                0x000000000800b33c       0x18 C:/ST/STM32CubeIDE_1.13.0/STM32CubeIDE/plugins/com.st.stm32cube.ide.mcu.externaltools.gnu-tools-for-stm32.11.3.rel1.win32_1.1.0.202305231506/tools/bin/../lib/gcc/arm-none-eabi/11.3.1/../../../../arm-none-eabi/lib/thumb/v7e-m+dp/hard\libc_nano.a(libc_a-findfp.o)
 .text.cleanup_stdio
                0x000000000800b354       0x40 C:/ST/STM32CubeIDE_1.13.0/STM32CubeIDE/plugins/com.st.stm32cube.ide.mcu.externaltools.gnu-tools-for-stm32.11.3.rel1.win32_1.1.0.202305231506/tools/bin/../lib/gcc/arm-none-eabi/11.3.1/../../../../arm-none-eabi/lib/thumb/v7e-m+dp/hard\libc_nano.a(libc_a-findfp.o)
 .text.global_stdio_init.part.0
                0x000000000800b394       0x3c C:/ST/STM32CubeIDE_1.13.0/STM32CubeIDE/plugins/com.st.stm32cube.ide.mcu.externaltools.gnu-tools-for-stm32.11.3.rel1.win32_1.1.0.202305231506/tools/bin/../lib/gcc/arm-none-eabi/11.3.1/../../../../arm-none-eabi/lib/thumb/v7e-m+dp/hard\libc_nano.a(libc_a-findfp.o)
 .text.__sfp_lock_acquire
                0x000000000800b3d0        0xc C:/ST/STM32CubeIDE_1.13.0/STM32CubeIDE/plugins/com.st.stm32cube.ide.mcu.externaltools.gnu-tools-for-stm32.11.3.rel1.win32_1.1.0.202305231506/tools/bin/../lib/gcc/arm-none-eabi/11.3.1/../../../../arm-none-eabi/lib/thumb/v7e-m+dp/hard\libc_nano.a(libc_a-findfp.o)
                0x000000000800b3d0                __sfp_lock_acquire
 .text.__sfp_lock_release
                0x000000000800b3dc        0xc C:/ST/STM32CubeIDE_1.13.0/STM32CubeIDE/plugins/com.st.stm32cube.ide.mcu.externaltools.gnu-tools-for-stm32.11.3.rel1.win32_1.1.0.202305231506/tools/bin/../lib/gcc/arm-none-eabi/11.3.1/../../../../arm-none-eabi/lib/thumb/v7e-m+dp/hard\libc_nano.a(libc_a-findfp.o)
                0x000000000800b3dc                __sfp_lock_release
 .text.__sinit  0x000000000800b3e8       0x30 C:/ST/STM32CubeIDE_1.13.0/STM32CubeIDE/plugins/com.st.stm32cube.ide.mcu.externaltools.gnu-tools-for-stm32.11.3.rel1.win32_1.1.0.202305231506/tools/bin/../lib/gcc/arm-none-eabi/11.3.1/../../../../arm-none-eabi/lib/thumb/v7e-m+dp/hard\libc_nano.a(libc_a-findfp.o)
                0x000000000800b3e8                __sinit
 .text._fwalk_sglue
                0x000000000800b418       0x3c C:/ST/STM32CubeIDE_1.13.0/STM32CubeIDE/plugins/com.st.stm32cube.ide.mcu.externaltools.gnu-tools-for-stm32.11.3.rel1.win32_1.1.0.202305231506/tools/bin/../lib/gcc/arm-none-eabi/11.3.1/../../../../arm-none-eabi/lib/thumb/v7e-m+dp/hard\libc_nano.a(libc_a-fwalk.o)
                0x000000000800b418                _fwalk_sglue
 .text.printf   0x000000000800b454       0x24 C:/ST/STM32CubeIDE_1.13.0/STM32CubeIDE/plugins/com.st.stm32cube.ide.mcu.externaltools.gnu-tools-for-stm32.11.3.rel1.win32_1.1.0.202305231506/tools/bin/../lib/gcc/arm-none-eabi/11.3.1/../../../../arm-none-eabi/lib/thumb/v7e-m+dp/hard\libc_nano.a(libc_a-printf.o)
                0x000000000800b454                iprintf
                0x000000000800b454                printf
 .text._puts_r  0x000000000800b478       0xa8 C:/ST/STM32CubeIDE_1.13.0/STM32CubeIDE/plugins/com.st.stm32cube.ide.mcu.externaltools.gnu-tools-for-stm32.11.3.rel1.win32_1.1.0.202305231506/tools/bin/../lib/gcc/arm-none-eabi/11.3.1/../../../../arm-none-eabi/lib/thumb/v7e-m+dp/hard\libc_nano.a(libc_a-puts.o)
                0x000000000800b478                _puts_r
 .text.puts     0x000000000800b520       0x10 C:/ST/STM32CubeIDE_1.13.0/STM32CubeIDE/plugins/com.st.stm32cube.ide.mcu.externaltools.gnu-tools-for-stm32.11.3.rel1.win32_1.1.0.202305231506/tools/bin/../lib/gcc/arm-none-eabi/11.3.1/../../../../arm-none-eabi/lib/thumb/v7e-m+dp/hard\libc_nano.a(libc_a-puts.o)
                0x000000000800b520                puts
 .text.__sread  0x000000000800b530       0x22 C:/ST/STM32CubeIDE_1.13.0/STM32CubeIDE/plugins/com.st.stm32cube.ide.mcu.externaltools.gnu-tools-for-stm32.11.3.rel1.win32_1.1.0.202305231506/tools/bin/../lib/gcc/arm-none-eabi/11.3.1/../../../../arm-none-eabi/lib/thumb/v7e-m+dp/hard\libc_nano.a(libc_a-stdio.o)
                0x000000000800b530                __sread
 .text.__swrite
                0x000000000800b552       0x38 C:/ST/STM32CubeIDE_1.13.0/STM32CubeIDE/plugins/com.st.stm32cube.ide.mcu.externaltools.gnu-tools-for-stm32.11.3.rel1.win32_1.1.0.202305231506/tools/bin/../lib/gcc/arm-none-eabi/11.3.1/../../../../arm-none-eabi/lib/thumb/v7e-m+dp/hard\libc_nano.a(libc_a-stdio.o)
                0x000000000800b552                __swrite
 .text.__sseek  0x000000000800b58a       0x24 C:/ST/STM32CubeIDE_1.13.0/STM32CubeIDE/plugins/com.st.stm32cube.ide.mcu.externaltools.gnu-tools-for-stm32.11.3.rel1.win32_1.1.0.202305231506/tools/bin/../lib/gcc/arm-none-eabi/11.3.1/../../../../arm-none-eabi/lib/thumb/v7e-m+dp/hard\libc_nano.a(libc_a-stdio.o)
                0x000000000800b58a                __sseek
 .text.__sclose
                0x000000000800b5ae        0x8 C:/ST/STM32CubeIDE_1.13.0/STM32CubeIDE/plugins/com.st.stm32cube.ide.mcu.externaltools.gnu-tools-for-stm32.11.3.rel1.win32_1.1.0.202305231506/tools/bin/../lib/gcc/arm-none-eabi/11.3.1/../../../../arm-none-eabi/lib/thumb/v7e-m+dp/hard\libc_nano.a(libc_a-stdio.o)
                0x000000000800b5ae                __sclose
 .text.__swbuf_r
                0x000000000800b5b6       0x7a C:/ST/STM32CubeIDE_1.13.0/STM32CubeIDE/plugins/com.st.stm32cube.ide.mcu.externaltools.gnu-tools-for-stm32.11.3.rel1.win32_1.1.0.202305231506/tools/bin/../lib/gcc/arm-none-eabi/11.3.1/../../../../arm-none-eabi/lib/thumb/v7e-m+dp/hard\libc_nano.a(libc_a-wbuf.o)
                0x000000000800b5b6                __swbuf_r
 .text.__swsetup_r
                0x000000000800b630       0xb0 C:/ST/STM32CubeIDE_1.13.0/STM32CubeIDE/plugins/com.st.stm32cube.ide.mcu.externaltools.gnu-tools-for-stm32.11.3.rel1.win32_1.1.0.202305231506/tools/bin/../lib/gcc/arm-none-eabi/11.3.1/../../../../arm-none-eabi/lib/thumb/v7e-m+dp/hard\libc_nano.a(libc_a-wsetup.o)
                0x000000000800b630                __swsetup_r
 .text.memmove  0x000000000800b6e0       0x34 C:/ST/STM32CubeIDE_1.13.0/STM32CubeIDE/plugins/com.st.stm32cube.ide.mcu.externaltools.gnu-tools-for-stm32.11.3.rel1.win32_1.1.0.202305231506/tools/bin/../lib/gcc/arm-none-eabi/11.3.1/../../../../arm-none-eabi/lib/thumb/v7e-m+dp/hard\libc_nano.a(libc_a-memmove.o)
                0x000000000800b6e0                memmove
 .text.memset   0x000000000800b714       0x10 C:/ST/STM32CubeIDE_1.13.0/STM32CubeIDE/plugins/com.st.stm32cube.ide.mcu.externaltools.gnu-tools-for-stm32.11.3.rel1.win32_1.1.0.202305231506/tools/bin/../lib/gcc/arm-none-eabi/11.3.1/../../../../arm-none-eabi/lib/thumb/v7e-m+dp/hard\libc_nano.a(libc_a-memset.o)
                0x000000000800b714                memset
 .text._close_r
                0x000000000800b724       0x20 C:/ST/STM32CubeIDE_1.13.0/STM32CubeIDE/plugins/com.st.stm32cube.ide.mcu.externaltools.gnu-tools-for-stm32.11.3.rel1.win32_1.1.0.202305231506/tools/bin/../lib/gcc/arm-none-eabi/11.3.1/../../../../arm-none-eabi/lib/thumb/v7e-m+dp/hard\libc_nano.a(libc_a-closer.o)
                0x000000000800b724                _close_r
 .text._lseek_r
                0x000000000800b744       0x24 C:/ST/STM32CubeIDE_1.13.0/STM32CubeIDE/plugins/com.st.stm32cube.ide.mcu.externaltools.gnu-tools-for-stm32.11.3.rel1.win32_1.1.0.202305231506/tools/bin/../lib/gcc/arm-none-eabi/11.3.1/../../../../arm-none-eabi/lib/thumb/v7e-m+dp/hard\libc_nano.a(libc_a-lseekr.o)
                0x000000000800b744                _lseek_r
 .text._read_r  0x000000000800b768       0x24 C:/ST/STM32CubeIDE_1.13.0/STM32CubeIDE/plugins/com.st.stm32cube.ide.mcu.externaltools.gnu-tools-for-stm32.11.3.rel1.win32_1.1.0.202305231506/tools/bin/../lib/gcc/arm-none-eabi/11.3.1/../../../../arm-none-eabi/lib/thumb/v7e-m+dp/hard\libc_nano.a(libc_a-readr.o)
                0x000000000800b768                _read_r
 .text._sbrk_r  0x000000000800b78c       0x20 C:/ST/STM32CubeIDE_1.13.0/STM32CubeIDE/plugins/com.st.stm32cube.ide.mcu.externaltools.gnu-tools-for-stm32.11.3.rel1.win32_1.1.0.202305231506/tools/bin/../lib/gcc/arm-none-eabi/11.3.1/../../../../arm-none-eabi/lib/thumb/v7e-m+dp/hard\libc_nano.a(libc_a-sbrkr.o)
                0x000000000800b78c                _sbrk_r
 .text._write_r
                0x000000000800b7ac       0x24 C:/ST/STM32CubeIDE_1.13.0/STM32CubeIDE/plugins/com.st.stm32cube.ide.mcu.externaltools.gnu-tools-for-stm32.11.3.rel1.win32_1.1.0.202305231506/tools/bin/../lib/gcc/arm-none-eabi/11.3.1/../../../../arm-none-eabi/lib/thumb/v7e-m+dp/hard\libc_nano.a(libc_a-writer.o)
                0x000000000800b7ac                _write_r
 .text.__errno  0x000000000800b7d0        0xc C:/ST/STM32CubeIDE_1.13.0/STM32CubeIDE/plugins/com.st.stm32cube.ide.mcu.externaltools.gnu-tools-for-stm32.11.3.rel1.win32_1.1.0.202305231506/tools/bin/../lib/gcc/arm-none-eabi/11.3.1/../../../../arm-none-eabi/lib/thumb/v7e-m+dp/hard\libc_nano.a(libc_a-errno.o)
                0x000000000800b7d0                __errno
 .text.__libc_init_array
                0x000000000800b7dc       0x48 C:/ST/STM32CubeIDE_1.13.0/STM32CubeIDE/plugins/com.st.stm32cube.ide.mcu.externaltools.gnu-tools-for-stm32.11.3.rel1.win32_1.1.0.202305231506/tools/bin/../lib/gcc/arm-none-eabi/11.3.1/../../../../arm-none-eabi/lib/thumb/v7e-m+dp/hard\libc_nano.a(libc_a-init.o)
                0x000000000800b7dc                __libc_init_array
 .text.__retarget_lock_acquire_recursive
                0x000000000800b824        0x2 C:/ST/STM32CubeIDE_1.13.0/STM32CubeIDE/plugins/com.st.stm32cube.ide.mcu.externaltools.gnu-tools-for-stm32.11.3.rel1.win32_1.1.0.202305231506/tools/bin/../lib/gcc/arm-none-eabi/11.3.1/../../../../arm-none-eabi/lib/thumb/v7e-m+dp/hard\libc_nano.a(libc_a-lock.o)
                0x000000000800b824                __retarget_lock_acquire_recursive
 .text.__retarget_lock_release_recursive
                0x000000000800b826        0x2 C:/ST/STM32CubeIDE_1.13.0/STM32CubeIDE/plugins/com.st.stm32cube.ide.mcu.externaltools.gnu-tools-for-stm32.11.3.rel1.win32_1.1.0.202305231506/tools/bin/../lib/gcc/arm-none-eabi/11.3.1/../../../../arm-none-eabi/lib/thumb/v7e-m+dp/hard\libc_nano.a(libc_a-lock.o)
                0x000000000800b826                __retarget_lock_release_recursive
 .text.memcpy   0x000000000800b828       0x1c C:/ST/STM32CubeIDE_1.13.0/STM32CubeIDE/plugins/com.st.stm32cube.ide.mcu.externaltools.gnu-tools-for-stm32.11.3.rel1.win32_1.1.0.202305231506/tools/bin/../lib/gcc/arm-none-eabi/11.3.1/../../../../arm-none-eabi/lib/thumb/v7e-m+dp/hard\libc_nano.a(libc_a-memcpy-stub.o)
                0x000000000800b828                memcpy
 .text._free_r  0x000000000800b844       0x98 C:/ST/STM32CubeIDE_1.13.0/STM32CubeIDE/plugins/com.st.stm32cube.ide.mcu.externaltools.gnu-tools-for-stm32.11.3.rel1.win32_1.1.0.202305231506/tools/bin/../lib/gcc/arm-none-eabi/11.3.1/../../../../arm-none-eabi/lib/thumb/v7e-m+dp/hard\libc_nano.a(libc_a-freer.o)
                0x000000000800b844                _free_r
 .text.__sfputc_r
                0x000000000800b8dc       0x2e C:/ST/STM32CubeIDE_1.13.0/STM32CubeIDE/plugins/com.st.stm32cube.ide.mcu.externaltools.gnu-tools-for-stm32.11.3.rel1.win32_1.1.0.202305231506/tools/bin/../lib/gcc/arm-none-eabi/11.3.1/../../../../arm-none-eabi/lib/thumb/v7e-m+dp/hard\libc_nano.a(libc_a-nano-vfprintf.o)
 .text.__sfputs_r
                0x000000000800b90a       0x24 C:/ST/STM32CubeIDE_1.13.0/STM32CubeIDE/plugins/com.st.stm32cube.ide.mcu.externaltools.gnu-tools-for-stm32.11.3.rel1.win32_1.1.0.202305231506/tools/bin/../lib/gcc/arm-none-eabi/11.3.1/../../../../arm-none-eabi/lib/thumb/v7e-m+dp/hard\libc_nano.a(libc_a-nano-vfprintf.o)
                0x000000000800b90a                __sfputs_r
 *fill*         0x000000000800b92e        0x2 
 .text._vfprintf_r
                0x000000000800b930      0x234 C:/ST/STM32CubeIDE_1.13.0/STM32CubeIDE/plugins/com.st.stm32cube.ide.mcu.externaltools.gnu-tools-for-stm32.11.3.rel1.win32_1.1.0.202305231506/tools/bin/../lib/gcc/arm-none-eabi/11.3.1/../../../../arm-none-eabi/lib/thumb/v7e-m+dp/hard\libc_nano.a(libc_a-nano-vfprintf.o)
                0x000000000800b930                _vfprintf_r
                0x000000000800b930                _vfiprintf_r
 .text._printf_common
                0x000000000800bb64       0xda C:/ST/STM32CubeIDE_1.13.0/STM32CubeIDE/plugins/com.st.stm32cube.ide.mcu.externaltools.gnu-tools-for-stm32.11.3.rel1.win32_1.1.0.202305231506/tools/bin/../lib/gcc/arm-none-eabi/11.3.1/../../../../arm-none-eabi/lib/thumb/v7e-m+dp/hard\libc_nano.a(libc_a-nano-vfprintf_i.o)
                0x000000000800bb64                _printf_common
 *fill*         0x000000000800bc3e        0x2 
 .text._printf_i
                0x000000000800bc40      0x244 C:/ST/STM32CubeIDE_1.13.0/STM32CubeIDE/plugins/com.st.stm32cube.ide.mcu.externaltools.gnu-tools-for-stm32.11.3.rel1.win32_1.1.0.202305231506/tools/bin/../lib/gcc/arm-none-eabi/11.3.1/../../../../arm-none-eabi/lib/thumb/v7e-m+dp/hard\libc_nano.a(libc_a-nano-vfprintf_i.o)
                0x000000000800bc40                _printf_i
 .text.__swhatbuf_r
                0x000000000800be84       0x4c C:/ST/STM32CubeIDE_1.13.0/STM32CubeIDE/plugins/com.st.stm32cube.ide.mcu.externaltools.gnu-tools-for-stm32.11.3.rel1.win32_1.1.0.202305231506/tools/bin/../lib/gcc/arm-none-eabi/11.3.1/../../../../arm-none-eabi/lib/thumb/v7e-m+dp/hard\libc_nano.a(libc_a-makebuf.o)
                0x000000000800be84                __swhatbuf_r
 .text.__smakebuf_r
                0x000000000800bed0       0x78 C:/ST/STM32CubeIDE_1.13.0/STM32CubeIDE/plugins/com.st.stm32cube.ide.mcu.externaltools.gnu-tools-for-stm32.11.3.rel1.win32_1.1.0.202305231506/tools/bin/../lib/gcc/arm-none-eabi/11.3.1/../../../../arm-none-eabi/lib/thumb/v7e-m+dp/hard\libc_nano.a(libc_a-makebuf.o)
                0x000000000800bed0                __smakebuf_r
 .text._fstat_r
                0x000000000800bf48       0x24 C:/ST/STM32CubeIDE_1.13.0/STM32CubeIDE/plugins/com.st.stm32cube.ide.mcu.externaltools.gnu-tools-for-stm32.11.3.rel1.win32_1.1.0.202305231506/tools/bin/../lib/gcc/arm-none-eabi/11.3.1/../../../../arm-none-eabi/lib/thumb/v7e-m+dp/hard\libc_nano.a(libc_a-fstatr.o)
                0x000000000800bf48                _fstat_r
 .text._isatty_r
                0x000000000800bf6c       0x20 C:/ST/STM32CubeIDE_1.13.0/STM32CubeIDE/plugins/com.st.stm32cube.ide.mcu.externaltools.gnu-tools-for-stm32.11.3.rel1.win32_1.1.0.202305231506/tools/bin/../lib/gcc/arm-none-eabi/11.3.1/../../../../arm-none-eabi/lib/thumb/v7e-m+dp/hard\libc_nano.a(libc_a-isattyr.o)
                0x000000000800bf6c                _isatty_r
 *(.glue_7)
 .glue_7        0x000000000800bf8c        0x0 linker stubs
 *(.glue_7t)
 .glue_7t       0x000000000800bf8c        0x0 linker stubs
 *(.eh_frame)
 .eh_frame      0x000000000800bf8c        0x0 C:/ST/STM32CubeIDE_1.13.0/STM32CubeIDE/plugins/com.st.stm32cube.ide.mcu.externaltools.gnu-tools-for-stm32.11.3.rel1.win32_1.1.0.202305231506/tools/bin/../lib/gcc/arm-none-eabi/11.3.1/thumb/v7e-m+dp/hard/crtbegin.o
 *(.init)
 .init          0x000000000800bf8c        0x4 C:/ST/STM32CubeIDE_1.13.0/STM32CubeIDE/plugins/com.st.stm32cube.ide.mcu.externaltools.gnu-tools-for-stm32.11.3.rel1.win32_1.1.0.202305231506/tools/bin/../lib/gcc/arm-none-eabi/11.3.1/thumb/v7e-m+dp/hard/crti.o
                0x000000000800bf8c                _init
 .init          0x000000000800bf90        0x8 C:/ST/STM32CubeIDE_1.13.0/STM32CubeIDE/plugins/com.st.stm32cube.ide.mcu.externaltools.gnu-tools-for-stm32.11.3.rel1.win32_1.1.0.202305231506/tools/bin/../lib/gcc/arm-none-eabi/11.3.1/thumb/v7e-m+dp/hard/crtn.o
 *(.fini)
 .fini          0x000000000800bf98        0x4 C:/ST/STM32CubeIDE_1.13.0/STM32CubeIDE/plugins/com.st.stm32cube.ide.mcu.externaltools.gnu-tools-for-stm32.11.3.rel1.win32_1.1.0.202305231506/tools/bin/../lib/gcc/arm-none-eabi/11.3.1/thumb/v7e-m+dp/hard/crti.o
                0x000000000800bf98                _fini
 .fini          0x000000000800bf9c        0x8 C:/ST/STM32CubeIDE_1.13.0/STM32CubeIDE/plugins/com.st.stm32cube.ide.mcu.externaltools.gnu-tools-for-stm32.11.3.rel1.win32_1.1.0.202305231506/tools/bin/../lib/gcc/arm-none-eabi/11.3.1/thumb/v7e-m+dp/hard/crtn.o
                0x000000000800bfa4                . = ALIGN (0x4)
                0x000000000800bfa4                _etext = .

.vfp11_veneer   0x000000000800bfa4        0x0
 .vfp11_veneer  0x000000000800bfa4        0x0 linker stubs

.v4_bx          0x000000000800bfa4        0x0
 .v4_bx         0x000000000800bfa4        0x0 linker stubs

.iplt           0x000000000800bfa4        0x0
 .iplt          0x000000000800bfa4        0x0 C:/ST/STM32CubeIDE_1.13.0/STM32CubeIDE/plugins/com.st.stm32cube.ide.mcu.externaltools.gnu-tools-for-stm32.11.3.rel1.win32_1.1.0.202305231506/tools/bin/../lib/gcc/arm-none-eabi/11.3.1/thumb/v7e-m+dp/hard/crtbegin.o

.rodata         0x000000000800bfa4      0x470
                0x000000000800bfa4                . = ALIGN (0x4)
 *(.rodata)
 .rodata        0x000000000800bfa4      0x1c5 ./Core/CANopenNode_STM32/CO_app_STM32.o
 *(.rodata*)
 *fill*         0x000000000800c169        0x3 
 .rodata.abortCodes.0
                0x000000000800c16c       0x68 ./CANopenNode/301/CO_ODinterface.o
 .rodata.CO_LSS_bitTimingTableLookup
                0x000000000800c1d4       0x14 ./CANopenNode/305/CO_LSSslave.o
 .rodata.ODObjs
                0x000000000800c1e8      0x1e8 ./Core/CANopenNode_STM32/OD.o
 .rodata.AHBPrescTable
                0x000000000800c3d0       0x10 ./Core/Src/system_stm32f7xx.o
                0x000000000800c3d0                AHBPrescTable
 .rodata._vfprintf_r.str1.1
                0x000000000800c3e0       0x11 C:/ST/STM32CubeIDE_1.13.0/STM32CubeIDE/plugins/com.st.stm32cube.ide.mcu.externaltools.gnu-tools-for-stm32.11.3.rel1.win32_1.1.0.202305231506/tools/bin/../lib/gcc/arm-none-eabi/11.3.1/../../../../arm-none-eabi/lib/thumb/v7e-m+dp/hard\libc_nano.a(libc_a-nano-vfprintf.o)
 .rodata._printf_i.str1.1
                0x000000000800c3f1       0x22 C:/ST/STM32CubeIDE_1.13.0/STM32CubeIDE/plugins/com.st.stm32cube.ide.mcu.externaltools.gnu-tools-for-stm32.11.3.rel1.win32_1.1.0.202305231506/tools/bin/../lib/gcc/arm-none-eabi/11.3.1/../../../../arm-none-eabi/lib/thumb/v7e-m+dp/hard\libc_nano.a(libc_a-nano-vfprintf_i.o)
                0x000000000800c414                . = ALIGN (0x4)
 *fill*         0x000000000800c413        0x1 

.ARM.extab      0x000000000800c414        0x0
                0x000000000800c414                . = ALIGN (0x4)
 *(.ARM.extab* .gnu.linkonce.armextab.*)
                0x000000000800c414                . = ALIGN (0x4)

.ARM            0x000000000800c414        0x8
                0x000000000800c414                . = ALIGN (0x4)
                0x000000000800c414                __exidx_start = .
 *(.ARM.exidx*)
 .ARM.exidx     0x000000000800c414        0x8 C:/ST/STM32CubeIDE_1.13.0/STM32CubeIDE/plugins/com.st.stm32cube.ide.mcu.externaltools.gnu-tools-for-stm32.11.3.rel1.win32_1.1.0.202305231506/tools/bin/../lib/gcc/arm-none-eabi/11.3.1/thumb/v7e-m+dp/hard\libgcc.a(_udivmoddi4.o)
                0x000000000800c41c                __exidx_end = .
                0x000000000800c41c                . = ALIGN (0x4)

.rel.dyn        0x000000000800c41c        0x0
 .rel.iplt      0x000000000800c41c        0x0 C:/ST/STM32CubeIDE_1.13.0/STM32CubeIDE/plugins/com.st.stm32cube.ide.mcu.externaltools.gnu-tools-for-stm32.11.3.rel1.win32_1.1.0.202305231506/tools/bin/../lib/gcc/arm-none-eabi/11.3.1/thumb/v7e-m+dp/hard/crtbegin.o

.preinit_array  0x000000000800c41c        0x0
                0x000000000800c41c                . = ALIGN (0x4)
                0x000000000800c41c                PROVIDE (__preinit_array_start = .)
 *(.preinit_array*)
                0x000000000800c41c                PROVIDE (__preinit_array_end = .)
                0x000000000800c41c                . = ALIGN (0x4)

.init_array     0x000000000800c41c        0x4
                0x000000000800c41c                . = ALIGN (0x4)
                0x000000000800c41c                PROVIDE (__init_array_start = .)
 *(SORT_BY_NAME(.init_array.*))
 *(.init_array*)
 .init_array    0x000000000800c41c        0x4 C:/ST/STM32CubeIDE_1.13.0/STM32CubeIDE/plugins/com.st.stm32cube.ide.mcu.externaltools.gnu-tools-for-stm32.11.3.rel1.win32_1.1.0.202305231506/tools/bin/../lib/gcc/arm-none-eabi/11.3.1/thumb/v7e-m+dp/hard/crtbegin.o
                0x000000000800c420                PROVIDE (__init_array_end = .)
                0x000000000800c420                . = ALIGN (0x4)

.fini_array     0x000000000800c420        0x4
                0x000000000800c420                . = ALIGN (0x4)
                [!provide]                        PROVIDE (__fini_array_start = .)
 *(SORT_BY_NAME(.fini_array.*))
 *(.fini_array*)
 .fini_array    0x000000000800c420        0x4 C:/ST/STM32CubeIDE_1.13.0/STM32CubeIDE/plugins/com.st.stm32cube.ide.mcu.externaltools.gnu-tools-for-stm32.11.3.rel1.win32_1.1.0.202305231506/tools/bin/../lib/gcc/arm-none-eabi/11.3.1/thumb/v7e-m+dp/hard/crtbegin.o
                [!provide]                        PROVIDE (__fini_array_end = .)
                0x000000000800c424                . = ALIGN (0x4)
                0x000000000800c424                _sidata = LOADADDR (.data)

.data           0x0000000020000000      0x2ac load address 0x000000000800c424
                0x0000000020000000                . = ALIGN (0x4)
                0x0000000020000000                _sdata = .
 *(.data)
 *(.data*)
 .data.OD_PERSIST_COMM
                0x0000000020000000       0x98 ./Core/CANopenNode_STM32/OD.o
                0x0000000020000000                OD_PERSIST_COMM
 .data.OD_RAM   0x0000000020000098       0x34 ./Core/CANopenNode_STM32/OD.o
                0x0000000020000098                OD_RAM
 .data.ODList   0x00000000200000cc      0x168 ./Core/CANopenNode_STM32/OD.o
 .data._OD      0x0000000020000234        0x8 ./Core/CANopenNode_STM32/OD.o
 .data.OD       0x000000002000023c        0x4 ./Core/CANopenNode_STM32/OD.o
                0x000000002000023c                OD
 .data.target   0x0000000020000240        0x4 ./Core/Src/main.o
                0x0000000020000240                target
 .data.SystemCoreClock
                0x0000000020000244        0x4 ./Core/Src/system_stm32f7xx.o
                0x0000000020000244                SystemCoreClock
 .data.uwTickPrio
                0x0000000020000248        0x4 ./Drivers/STM32F7xx_HAL_Driver/Src/stm32f7xx_hal.o
                0x0000000020000248                uwTickPrio
 .data.uwTickFreq
                0x000000002000024c        0x1 ./Drivers/STM32F7xx_HAL_Driver/Src/stm32f7xx_hal.o
                0x000000002000024c                uwTickFreq
 *fill*         0x000000002000024d        0x3 
 .data.__sglue  0x0000000020000250        0xc C:/ST/STM32CubeIDE_1.13.0/STM32CubeIDE/plugins/com.st.stm32cube.ide.mcu.externaltools.gnu-tools-for-stm32.11.3.rel1.win32_1.1.0.202305231506/tools/bin/../lib/gcc/arm-none-eabi/11.3.1/../../../../arm-none-eabi/lib/thumb/v7e-m+dp/hard\libc_nano.a(libc_a-findfp.o)
                0x0000000020000250                __sglue
 .data._impure_data
                0x000000002000025c       0x4c C:/ST/STM32CubeIDE_1.13.0/STM32CubeIDE/plugins/com.st.stm32cube.ide.mcu.externaltools.gnu-tools-for-stm32.11.3.rel1.win32_1.1.0.202305231506/tools/bin/../lib/gcc/arm-none-eabi/11.3.1/../../../../arm-none-eabi/lib/thumb/v7e-m+dp/hard\libc_nano.a(libc_a-impure.o)
                0x000000002000025c                _impure_data
 .data._impure_ptr
                0x00000000200002a8        0x4 C:/ST/STM32CubeIDE_1.13.0/STM32CubeIDE/plugins/com.st.stm32cube.ide.mcu.externaltools.gnu-tools-for-stm32.11.3.rel1.win32_1.1.0.202305231506/tools/bin/../lib/gcc/arm-none-eabi/11.3.1/../../../../arm-none-eabi/lib/thumb/v7e-m+dp/hard\libc_nano.a(libc_a-impure.o)
                0x00000000200002a8                _impure_ptr
 *(.RamFunc)
 *(.RamFunc*)
                0x00000000200002ac                . = ALIGN (0x4)
                0x00000000200002ac                _edata = .

.igot.plt       0x00000000200002ac        0x0 load address 0x000000000800c6d0
 .igot.plt      0x00000000200002ac        0x0 C:/ST/STM32CubeIDE_1.13.0/STM32CubeIDE/plugins/com.st.stm32cube.ide.mcu.externaltools.gnu-tools-for-stm32.11.3.rel1.win32_1.1.0.202305231506/tools/bin/../lib/gcc/arm-none-eabi/11.3.1/thumb/v7e-m+dp/hard/crtbegin.o
                0x00000000200002ac                . = ALIGN (0x4)

.bss            0x00000000200002ac      0x2c0 load address 0x000000000800c6d0
                0x00000000200002ac                _sbss = .
                0x00000000200002ac                __bss_start__ = _sbss
 *(.bss)
 .bss           0x00000000200002ac       0x1c C:/ST/STM32CubeIDE_1.13.0/STM32CubeIDE/plugins/com.st.stm32cube.ide.mcu.externaltools.gnu-tools-for-stm32.11.3.rel1.win32_1.1.0.202305231506/tools/bin/../lib/gcc/arm-none-eabi/11.3.1/thumb/v7e-m+dp/hard/crtbegin.o
 *(.bss*)
 .bss.canopenNodeSTM32
                0x00000000200002c8        0x4 ./Core/CANopenNode_STM32/CO_app_STM32.o
                0x00000000200002c8                canopenNodeSTM32
 .bss.CO        0x00000000200002cc        0x4 ./Core/CANopenNode_STM32/CO_app_STM32.o
                0x00000000200002cc                CO
 .bss.LED_red   0x00000000200002d0        0x1 ./Core/CANopenNode_STM32/CO_app_STM32.o
                0x00000000200002d0                LED_red
 .bss.LED_green
                0x00000000200002d1        0x1 ./Core/CANopenNode_STM32/CO_app_STM32.o
                0x00000000200002d1                LED_green
 *fill*         0x00000000200002d2        0x2 
 .bss.time_old  0x00000000200002d4        0x4 ./Core/CANopenNode_STM32/CO_app_STM32.o
                0x00000000200002d4                time_old
 .bss.time_current
                0x00000000200002d8        0x4 ./Core/CANopenNode_STM32/CO_app_STM32.o
                0x00000000200002d8                time_current
 .bss.err       0x00000000200002dc        0x1 ./Core/CANopenNode_STM32/CO_app_STM32.o
                0x00000000200002dc                err
 *fill*         0x00000000200002dd        0x3 
 .bss.CANModule_local
                0x00000000200002e0        0x4 ./Core/CANopenNode_STM32/CO_driver_STM32.o
 .bss.tx_hdr.1  0x00000000200002e4       0x18 ./Core/CANopenNode_STM32/CO_driver_STM32.o
 .bss.rx_hdr.0  0x00000000200002fc       0x1c ./Core/CANopenNode_STM32/CO_driver_STM32.o
 .bss.error1    0x0000000020000318        0x4 ./Core/Src/main.o
                0x0000000020000318                error1
 .bss.error2    0x000000002000031c        0x4 ./Core/Src/main.o
                0x000000002000031c                error2
 .bss.error3    0x0000000020000320        0x4 ./Core/Src/main.o
                0x0000000020000320                error3
 .bss.error4    0x0000000020000324        0x4 ./Core/Src/main.o
                0x0000000020000324                error4
 .bss.error5    0x0000000020000328        0x4 ./Core/Src/main.o
                0x0000000020000328                error5
 .bss.error6    0x000000002000032c        0x4 ./Core/Src/main.o
                0x000000002000032c                error6
 .bss.feedback1
                0x0000000020000330        0x4 ./Core/Src/main.o
                0x0000000020000330                feedback1
 .bss.feedback2
                0x0000000020000334        0x4 ./Core/Src/main.o
                0x0000000020000334                feedback2
 .bss.feedback3
                0x0000000020000338        0x4 ./Core/Src/main.o
                0x0000000020000338                feedback3
 .bss.feedback4
                0x000000002000033c        0x4 ./Core/Src/main.o
                0x000000002000033c                feedback4
 .bss.feedback5
                0x0000000020000340        0x4 ./Core/Src/main.o
                0x0000000020000340                feedback5
 .bss.feedback6
                0x0000000020000344        0x4 ./Core/Src/main.o
                0x0000000020000344                feedback6
 .bss.input1    0x0000000020000348        0x4 ./Core/Src/main.o
                0x0000000020000348                input1
 .bss.input2    0x000000002000034c        0x4 ./Core/Src/main.o
                0x000000002000034c                input2
 .bss.input3    0x0000000020000350        0x4 ./Core/Src/main.o
                0x0000000020000350                input3
 .bss.input4    0x0000000020000354        0x4 ./Core/Src/main.o
                0x0000000020000354                input4
 .bss.input5    0x0000000020000358        0x4 ./Core/Src/main.o
                0x0000000020000358                input5
 .bss.input6    0x000000002000035c        0x4 ./Core/Src/main.o
                0x000000002000035c                input6
 .bss.velocity1
                0x0000000020000360        0x4 ./Core/Src/main.o
                0x0000000020000360                velocity1
 .bss.velocity2
                0x0000000020000364        0x4 ./Core/Src/main.o
                0x0000000020000364                velocity2
 .bss.velocity3
                0x0000000020000368        0x4 ./Core/Src/main.o
                0x0000000020000368                velocity3
 .bss.velocity4
                0x000000002000036c        0x4 ./Core/Src/main.o
                0x000000002000036c                velocity4
 .bss.velocity5
                0x0000000020000370        0x4 ./Core/Src/main.o
                0x0000000020000370                velocity5
 .bss.velocity6
                0x0000000020000374        0x4 ./Core/Src/main.o
                0x0000000020000374                velocity6
 .bss.hcan1     0x0000000020000378       0x28 ./Core/Src/main.o
                0x0000000020000378                hcan1
 .bss.hcan2     0x00000000200003a0       0x28 ./Core/Src/main.o
                0x00000000200003a0                hcan2
 .bss.htim14    0x00000000200003c8       0x4c ./Core/Src/main.o
                0x00000000200003c8                htim14
 .bss.HAL_RCC_CAN1_CLK_ENABLED
                0x0000000020000414        0x4 ./Core/Src/stm32f7xx_hal_msp.o
 .bss.__sbrk_heap_end
                0x0000000020000418        0x4 ./Core/Src/sysmem.o
 .bss.uwTick    0x000000002000041c        0x4 ./Drivers/STM32F7xx_HAL_Driver/Src/stm32f7xx_hal.o
                0x000000002000041c                uwTick
 .bss.__malloc_free_list
                0x0000000020000420        0x4 C:/ST/STM32CubeIDE_1.13.0/STM32CubeIDE/plugins/com.st.stm32cube.ide.mcu.externaltools.gnu-tools-for-stm32.11.3.rel1.win32_1.1.0.202305231506/tools/bin/../lib/gcc/arm-none-eabi/11.3.1/../../../../arm-none-eabi/lib/thumb/v7e-m+dp/hard\libc_nano.a(libc_a-mallocr.o)
                0x0000000020000420                __malloc_free_list
 .bss.__malloc_sbrk_start
                0x0000000020000424        0x4 C:/ST/STM32CubeIDE_1.13.0/STM32CubeIDE/plugins/com.st.stm32cube.ide.mcu.externaltools.gnu-tools-for-stm32.11.3.rel1.win32_1.1.0.202305231506/tools/bin/../lib/gcc/arm-none-eabi/11.3.1/../../../../arm-none-eabi/lib/thumb/v7e-m+dp/hard\libc_nano.a(libc_a-mallocr.o)
                0x0000000020000424                __malloc_sbrk_start
 .bss.__sf      0x0000000020000428      0x138 C:/ST/STM32CubeIDE_1.13.0/STM32CubeIDE/plugins/com.st.stm32cube.ide.mcu.externaltools.gnu-tools-for-stm32.11.3.rel1.win32_1.1.0.202305231506/tools/bin/../lib/gcc/arm-none-eabi/11.3.1/../../../../arm-none-eabi/lib/thumb/v7e-m+dp/hard\libc_nano.a(libc_a-findfp.o)
                0x0000000020000428                __sf
 .bss.__stdio_exit_handler
                0x0000000020000560        0x4 C:/ST/STM32CubeIDE_1.13.0/STM32CubeIDE/plugins/com.st.stm32cube.ide.mcu.externaltools.gnu-tools-for-stm32.11.3.rel1.win32_1.1.0.202305231506/tools/bin/../lib/gcc/arm-none-eabi/11.3.1/../../../../arm-none-eabi/lib/thumb/v7e-m+dp/hard\libc_nano.a(libc_a-findfp.o)
                0x0000000020000560                __stdio_exit_handler
 .bss.errno     0x0000000020000564        0x4 C:/ST/STM32CubeIDE_1.13.0/STM32CubeIDE/plugins/com.st.stm32cube.ide.mcu.externaltools.gnu-tools-for-stm32.11.3.rel1.win32_1.1.0.202305231506/tools/bin/../lib/gcc/arm-none-eabi/11.3.1/../../../../arm-none-eabi/lib/thumb/v7e-m+dp/hard\libc_nano.a(libc_a-reent.o)
                0x0000000020000564                errno
 .bss.__lock___malloc_recursive_mutex
                0x0000000020000568        0x1 C:/ST/STM32CubeIDE_1.13.0/STM32CubeIDE/plugins/com.st.stm32cube.ide.mcu.externaltools.gnu-tools-for-stm32.11.3.rel1.win32_1.1.0.202305231506/tools/bin/../lib/gcc/arm-none-eabi/11.3.1/../../../../arm-none-eabi/lib/thumb/v7e-m+dp/hard\libc_nano.a(libc_a-lock.o)
                0x0000000020000568                __lock___malloc_recursive_mutex
 .bss.__lock___sfp_recursive_mutex
                0x0000000020000569        0x1 C:/ST/STM32CubeIDE_1.13.0/STM32CubeIDE/plugins/com.st.stm32cube.ide.mcu.externaltools.gnu-tools-for-stm32.11.3.rel1.win32_1.1.0.202305231506/tools/bin/../lib/gcc/arm-none-eabi/11.3.1/../../../../arm-none-eabi/lib/thumb/v7e-m+dp/hard\libc_nano.a(libc_a-lock.o)
                0x0000000020000569                __lock___sfp_recursive_mutex
 *(COMMON)
                0x000000002000056c                . = ALIGN (0x4)
 *fill*         0x000000002000056a        0x2 
                0x000000002000056c                _ebss = .
                0x000000002000056c                __bss_end__ = _ebss

._user_heap_stack
                0x000000002000056c      0x604 load address 0x000000000800c6d0
                0x0000000020000570                . = ALIGN (0x8)
 *fill*         0x000000002000056c        0x4 
                [!provide]                        PROVIDE (end = .)
                0x0000000020000570                PROVIDE (_end = .)
                0x0000000020000770                . = (. + _Min_Heap_Size)
 *fill*         0x0000000020000570      0x200 
                0x0000000020000b70                . = (. + _Min_Stack_Size)
 *fill*         0x0000000020000770      0x400 
                0x0000000020000b70                . = ALIGN (0x8)

/DISCARD/
 libc.a(*)
 libm.a(*)
 libgcc.a(*)

.ARM.attributes
                0x0000000000000000       0x2e
 *(.ARM.attributes)
 .ARM.attributes
                0x0000000000000000       0x1e C:/ST/STM32CubeIDE_1.13.0/STM32CubeIDE/plugins/com.st.stm32cube.ide.mcu.externaltools.gnu-tools-for-stm32.11.3.rel1.win32_1.1.0.202305231506/tools/bin/../lib/gcc/arm-none-eabi/11.3.1/thumb/v7e-m+dp/hard/crti.o
 .ARM.attributes
                0x000000000000001e       0x32 C:/ST/STM32CubeIDE_1.13.0/STM32CubeIDE/plugins/com.st.stm32cube.ide.mcu.externaltools.gnu-tools-for-stm32.11.3.rel1.win32_1.1.0.202305231506/tools/bin/../lib/gcc/arm-none-eabi/11.3.1/thumb/v7e-m+dp/hard/crtbegin.o
 .ARM.attributes
                0x0000000000000050       0x32 ./CANopenNode/301/CO_Emergency.o
 .ARM.attributes
                0x0000000000000082       0x32 ./CANopenNode/301/CO_HBconsumer.o
 .ARM.attributes
                0x00000000000000b4       0x32 ./CANopenNode/301/CO_NMT_Heartbeat.o
 .ARM.attributes
                0x00000000000000e6       0x32 ./CANopenNode/301/CO_ODinterface.o
 .ARM.attributes
                0x0000000000000118       0x32 ./CANopenNode/301/CO_PDO.o
 .ARM.attributes
                0x000000000000014a       0x32 ./CANopenNode/301/CO_SDOclient.o
 .ARM.attributes
                0x000000000000017c       0x32 ./CANopenNode/301/CO_SDOserver.o
 .ARM.attributes
                0x00000000000001ae       0x32 ./CANopenNode/301/CO_SYNC.o
 .ARM.attributes
                0x00000000000001e0       0x32 ./CANopenNode/301/CO_TIME.o
 .ARM.attributes
                0x0000000000000212       0x32 ./CANopenNode/301/CO_fifo.o
 .ARM.attributes
                0x0000000000000244       0x32 ./CANopenNode/303/CO_LEDs.o
 .ARM.attributes
                0x0000000000000276       0x32 ./CANopenNode/305/CO_LSSslave.o
 .ARM.attributes
                0x00000000000002a8       0x32 ./CANopenNode/CANopen.o
 .ARM.attributes
                0x00000000000002da       0x32 ./Core/CANopenNode_STM32/CO_app_STM32.o
 .ARM.attributes
                0x000000000000030c       0x32 ./Core/CANopenNode_STM32/CO_driver_STM32.o
 .ARM.attributes
                0x000000000000033e       0x32 ./Core/CANopenNode_STM32/OD.o
 .ARM.attributes
                0x0000000000000370       0x32 ./Core/Src/main.o
 .ARM.attributes
                0x00000000000003a2       0x32 ./Core/Src/stm32f7xx_hal_msp.o
 .ARM.attributes
                0x00000000000003d4       0x32 ./Core/Src/stm32f7xx_it.o
 .ARM.attributes
                0x0000000000000406       0x32 ./Core/Src/syscalls.o
 .ARM.attributes
                0x0000000000000438       0x32 ./Core/Src/sysmem.o
 .ARM.attributes
                0x000000000000046a       0x32 ./Core/Src/system_stm32f7xx.o
 .ARM.attributes
                0x000000000000049c       0x21 ./Core/Startup/startup_stm32f767vitx.o
 .ARM.attributes
                0x00000000000004bd       0x32 ./Drivers/STM32F7xx_HAL_Driver/Src/stm32f7xx_hal.o
 .ARM.attributes
                0x00000000000004ef       0x32 ./Drivers/STM32F7xx_HAL_Driver/Src/stm32f7xx_hal_can.o
 .ARM.attributes
                0x0000000000000521       0x32 ./Drivers/STM32F7xx_HAL_Driver/Src/stm32f7xx_hal_cortex.o
 .ARM.attributes
                0x0000000000000553       0x32 ./Drivers/STM32F7xx_HAL_Driver/Src/stm32f7xx_hal_gpio.o
 .ARM.attributes
                0x0000000000000585       0x32 ./Drivers/STM32F7xx_HAL_Driver/Src/stm32f7xx_hal_rcc.o
 .ARM.attributes
                0x00000000000005b7       0x32 ./Drivers/STM32F7xx_HAL_Driver/Src/stm32f7xx_hal_tim.o
 .ARM.attributes
                0x00000000000005e9       0x32 ./Drivers/STM32F7xx_HAL_Driver/Src/stm32f7xx_hal_tim_ex.o
 .ARM.attributes
                0x000000000000061b       0x32 C:/ST/STM32CubeIDE_1.13.0/STM32CubeIDE/plugins/com.st.stm32cube.ide.mcu.externaltools.gnu-tools-for-stm32.11.3.rel1.win32_1.1.0.202305231506/tools/bin/../lib/gcc/arm-none-eabi/11.3.1/../../../../arm-none-eabi/lib/thumb/v7e-m+dp/hard\libc_nano.a(libc_a-calloc.o)
 .ARM.attributes
                0x000000000000064d       0x32 C:/ST/STM32CubeIDE_1.13.0/STM32CubeIDE/plugins/com.st.stm32cube.ide.mcu.externaltools.gnu-tools-for-stm32.11.3.rel1.win32_1.1.0.202305231506/tools/bin/../lib/gcc/arm-none-eabi/11.3.1/../../../../arm-none-eabi/lib/thumb/v7e-m+dp/hard\libc_nano.a(libc_a-callocr.o)
 .ARM.attributes
                0x000000000000067f       0x32 C:/ST/STM32CubeIDE_1.13.0/STM32CubeIDE/plugins/com.st.stm32cube.ide.mcu.externaltools.gnu-tools-for-stm32.11.3.rel1.win32_1.1.0.202305231506/tools/bin/../lib/gcc/arm-none-eabi/11.3.1/../../../../arm-none-eabi/lib/thumb/v7e-m+dp/hard\libc_nano.a(libc_a-malloc.o)
 .ARM.attributes
                0x00000000000006b1       0x32 C:/ST/STM32CubeIDE_1.13.0/STM32CubeIDE/plugins/com.st.stm32cube.ide.mcu.externaltools.gnu-tools-for-stm32.11.3.rel1.win32_1.1.0.202305231506/tools/bin/../lib/gcc/arm-none-eabi/11.3.1/../../../../arm-none-eabi/lib/thumb/v7e-m+dp/hard\libc_nano.a(libc_a-mallocr.o)
 .ARM.attributes
                0x00000000000006e3       0x32 C:/ST/STM32CubeIDE_1.13.0/STM32CubeIDE/plugins/com.st.stm32cube.ide.mcu.externaltools.gnu-tools-for-stm32.11.3.rel1.win32_1.1.0.202305231506/tools/bin/../lib/gcc/arm-none-eabi/11.3.1/../../../../arm-none-eabi/lib/thumb/v7e-m+dp/hard\libc_nano.a(libc_a-mlock.o)
 .ARM.attributes
                0x0000000000000715       0x32 C:/ST/STM32CubeIDE_1.13.0/STM32CubeIDE/plugins/com.st.stm32cube.ide.mcu.externaltools.gnu-tools-for-stm32.11.3.rel1.win32_1.1.0.202305231506/tools/bin/../lib/gcc/arm-none-eabi/11.3.1/../../../../arm-none-eabi/lib/thumb/v7e-m+dp/hard\libc_nano.a(libc_a-fflush.o)
 .ARM.attributes
                0x0000000000000747       0x32 C:/ST/STM32CubeIDE_1.13.0/STM32CubeIDE/plugins/com.st.stm32cube.ide.mcu.externaltools.gnu-tools-for-stm32.11.3.rel1.win32_1.1.0.202305231506/tools/bin/../lib/gcc/arm-none-eabi/11.3.1/../../../../arm-none-eabi/lib/thumb/v7e-m+dp/hard\libc_nano.a(libc_a-findfp.o)
 .ARM.attributes
                0x0000000000000779       0x32 C:/ST/STM32CubeIDE_1.13.0/STM32CubeIDE/plugins/com.st.stm32cube.ide.mcu.externaltools.gnu-tools-for-stm32.11.3.rel1.win32_1.1.0.202305231506/tools/bin/../lib/gcc/arm-none-eabi/11.3.1/../../../../arm-none-eabi/lib/thumb/v7e-m+dp/hard\libc_nano.a(libc_a-fwalk.o)
 .ARM.attributes
                0x00000000000007ab       0x32 C:/ST/STM32CubeIDE_1.13.0/STM32CubeIDE/plugins/com.st.stm32cube.ide.mcu.externaltools.gnu-tools-for-stm32.11.3.rel1.win32_1.1.0.202305231506/tools/bin/../lib/gcc/arm-none-eabi/11.3.1/../../../../arm-none-eabi/lib/thumb/v7e-m+dp/hard\libc_nano.a(libc_a-printf.o)
 .ARM.attributes